PASS src/modules/homework/runtimes/reading.runtime.spec.ts (12.753 s)
PASS src/modules/homework/assignment.service.spec.ts (13.762 s)
[32m[Nest] 543060  - [39m06/09/2026, 4:57:11 AM [32m    LOG[39m [38;5;3m[AssignmentService] [39m[32mAssignment 55555555-5555-5555-5555-555555555555 (draft) created on lesson 33333333-3333-3333-3333-333333333333 by TEACHER 11111111-1111-1111-1111-111111111111 with 1 module(s)[39m
[32m[Nest] 543060  - [39m06/09/2026, 4:57:11 AM [32m    LOG[39m [38;5;3m[AssignmentService] [39m[32mAssignment 55555555-5555-5555-5555-555555555555 (draft) created on lesson 33333333-3333-3333-3333-333333333333 by ADMIN 22222222-2222-2222-2222-222222222222 with 1 module(s)[39m
[32m[Nest] 543060  - [39m06/09/2026, 4:57:12 AM [32m    LOG[39m [38;5;3m[AssignmentService] [39m[32mAssignment 55555555-5555-5555-5555-555555555555 deleted by TEACHER 11111111-1111-1111-1111-111111111111[39m
[32m[Nest] 543060  - [39m06/09/2026, 4:57:12 AM [32m    LOG[39m [38;5;3m[AssignmentService] [39m[32mAssignment 55555555-5555-5555-5555-555555555555 published (group=44444444-4444-4444-4444-444444444444 teacher=11111111-1111-1111-1111-111111111111)[39m
[32m[Nest] 543060  - [39m06/09/2026, 4:57:12 AM [32m    LOG[39m [38;5;3m[AssignmentService] [39m[32mAssignment 55555555-5555-5555-5555-555555555555 (draft) created on lesson 33333333-3333-3333-3333-333333333333 by TEACHER 11111111-1111-1111-1111-111111111111 with 0 module(s)[39m
[32m[Nest] 543060  - [39m06/09/2026, 4:57:12 AM [32m    LOG[39m [38;5;3m[AssignmentService] [39m[32mAssignment 55555555-5555-5555-5555-555555555555 (draft) created on lesson 33333333-3333-3333-3333-333333333333 by TEACHER 11111111-1111-1111-1111-111111111111 with 0 module(s)[39m
[31m[Nest] 543054  - [39m06/09/2026, 4:57:12 AM [31m  ERROR[39m [38;5;3m[AiGradingService] [39m[31mprecheck: gradeModule failed for module b (READING): adapter exploded[39m
PASS src/modules/homework/ai-grading.service.spec.ts (13.873 s)
[32m[Nest] 543081  - [39m06/09/2026, 4:57:12 AM [32m    LOG[39m [38;5;3m[AssignmentService] [39m[32mAssignment asgn-1 (draft) created on lesson 44444444-4444-4444-4444-444444444444 by TEACHER 00000000-0000-0000-0000-000000000001 with 2 module(s)[39m
[32m[Nest] 543054  - [39m06/09/2026, 4:57:12 AM [32m    LOG[39m [38;5;3m[AiGradingService] [39m[32mprecheck: submission sub-1 → IN_REVIEW (modules=2, aiLikelihood=0.300, aiFlagged=false)[39m
[32m[Nest] 543054  - [39m06/09/2026, 4:57:12 AM [32m    LOG[39m [38;5;3m[AiGradingService] [39m[32mprecheck: submission sub-1 → IN_REVIEW (modules=1, aiLikelihood=0.710, aiFlagged=true)[39m
[32m[Nest] 543081  - [39m06/09/2026, 4:57:12 AM [32m    LOG[39m [38;5;3m[AssignmentService] [39m[32mAssignment asgn-1 (draft) created on lesson 44444444-4444-4444-4444-444444444444 by TEACHER 00000000-0000-0000-0000-000000000001 with 1 module(s)[39m
[32m[Nest] 543054  - [39m06/09/2026, 4:57:12 AM [32m    LOG[39m [38;5;3m[AiGradingService] [39m[32mprecheck: submission sub-1 → IN_REVIEW (modules=1, aiLikelihood=0.690, aiFlagged=false)[39m
[95m[Nest] 543054  - [39m06/09/2026, 4:57:12 AM [95m  DEBUG[39m [38;5;3m[AiGradingService] [39m[95mprecheck: submission sub-1 already has AI feedback (fb-existing); skipping[39m
[95m[Nest] 543054  - [39m06/09/2026, 4:57:12 AM [95m  DEBUG[39m [38;5;3m[AiGradingService] [39m[95mprecheck: submission sub-1 is in status GRADED; skipping[39m
[33m[Nest] 543054  - [39m06/09/2026, 4:57:12 AM [33m   WARN[39m [38;5;3m[AiGradingService] [39m[33mprecheck: submission does-not-exist not found; skipping[39m
[32m[Nest] 543054  - [39m06/09/2026, 4:57:12 AM [32m    LOG[39m [38;5;3m[AiGradingService] [39m[32mprecheck: submission sub-1 → IN_REVIEW (modules=2, aiLikelihood=0.100, aiFlagged=false)[39m
[32m[Nest] 543054  - [39m06/09/2026, 4:57:12 AM [32m    LOG[39m [38;5;3m[AiGradingService] [39m[32mprecheck: submission sub-1 → IN_REVIEW (modules=1, aiLikelihood=0.100, aiFlagged=false)[39m
[32m[Nest] 543081  - [39m06/09/2026, 4:57:12 AM [32m    LOG[39m [38;5;3m[AssignmentService] [39m[32mAssignment asgn-1 (draft) created on lesson 44444444-4444-4444-4444-444444444444 by TEACHER 00000000-0000-0000-0000-000000000001 with 1 module(s)[39m
[32m[Nest] 543054  - [39m06/09/2026, 4:57:12 AM [32m    LOG[39m [38;5;3m[AiGradingService] [39m[32mprecheck: submission sub-1 → IN_REVIEW (modules=1, aiLikelihood=0.100, aiFlagged=false)[39m
[32m[Nest] 543054  - [39m06/09/2026, 4:57:12 AM [32m    LOG[39m [38;5;3m[AiGradingService] [39m[32mprecheck: submission sub-1 → IN_REVIEW (modules=1, aiLikelihood=0.000, aiFlagged=false)[39m
[32m[Nest] 543081  - [39m06/09/2026, 4:57:12 AM [32m    LOG[39m [38;5;3m[AssignmentService] [39m[32mAssignment asgn-1 (draft) created on lesson 44444444-4444-4444-4444-444444444444 by TEACHER 00000000-0000-0000-0000-000000000001 with 1 module(s)[39m
[32m[Nest] 543081  - [39m06/09/2026, 4:57:12 AM [32m    LOG[39m [38;5;3m[AssignmentService] [39m[32mAssignment asgn-1 (draft) created on lesson 44444444-4444-4444-4444-444444444444 by TEACHER 00000000-0000-0000-0000-000000000001 with 3 module(s)[39m
[32m[Nest] 543081  - [39m06/09/2026, 4:57:12 AM [32m    LOG[39m [38;5;3m[AssignmentService] [39m[32mAssignment asgn-1 (draft) created on lesson 44444444-4444-4444-4444-444444444444 by TEACHER 00000000-0000-0000-0000-000000000001 with 1 module(s)[39m
[32m[Nest] 543081  - [39m06/09/2026, 4:57:12 AM [32m    LOG[39m [38;5;3m[AssignmentService] [39m[32mAssignment asgn-1 (draft) created on lesson 44444444-4444-4444-4444-444444444444 by TEACHER 00000000-0000-0000-0000-000000000001 with 1 module(s)[39m
PASS src/modules/homework/anthropic-ai-grading.adapter.spec.ts
[32m[Nest] 543081  - [39m06/09/2026, 4:57:12 AM [32m    LOG[39m [38;5;3m[AssignmentService] [39m[32mAssignment asgn-1 (draft) created on lesson 44444444-4444-4444-4444-444444444444 by TEACHER 00000000-0000-0000-0000-000000000001 with 1 module(s)[39m
[32m[Nest] 543081  - [39m06/09/2026, 4:57:12 AM [32m    LOG[39m [38;5;3m[AssignmentService] [39m[32mAssignment asgn-1 (draft) created on lesson 44444444-4444-4444-4444-444444444444 by TEACHER 00000000-0000-0000-0000-000000000001 with 1 module(s)[39m
[32m[Nest] 543081  - [39m06/09/2026, 4:57:12 AM [32m    LOG[39m [38;5;3m[AssignmentService] [39m[32mAssignment asgn-1 (draft) created on lesson 44444444-4444-4444-4444-444444444444 by TEACHER 00000000-0000-0000-0000-000000000001 with 1 module(s)[39m
[33m[Nest] 543060  - [39m06/09/2026, 4:57:12 AM [33m   WARN[39m [38;5;3m[AnthropicAiGradingAdapter] [39m[33mgradeModule: AI gateway call failed for module mod-w (WRITING): upstream 502[39m
[32m[Nest] 543081  - [39m06/09/2026, 4:57:12 AM [32m    LOG[39m [38;5;3m[AssignmentService] [39m[32mAssignment asgn-1 (draft) created on lesson 44444444-4444-4444-4444-444444444444 by TEACHER 00000000-0000-0000-0000-000000000001 with 1 module(s)[39m
[32m[Nest] 543081  - [39m06/09/2026, 4:57:12 AM [32m    LOG[39m [38;5;3m[AssignmentService] [39m[32mAssignment asgn-1 (draft) created on lesson 44444444-4444-4444-4444-444444444444 by TEACHER 00000000-0000-0000-0000-000000000001 with 1 module(s)[39m
[32m[Nest] 543081  - [39m06/09/2026, 4:57:12 AM [32m    LOG[39m [38;5;3m[AssignmentService] [39m[32mAssignment asgn-1 (draft) created on lesson 44444444-4444-4444-4444-444444444444 by TEACHER 00000000-0000-0000-0000-000000000001 with 2 module(s)[39m
[32m[Nest] 543081  - [39m06/09/2026, 4:57:12 AM [32m    LOG[39m [38;5;3m[AssignmentService] [39m[32mAssignment asgn-1 (draft) created on lesson 44444444-4444-4444-4444-444444444444 by TEACHER 00000000-0000-0000-0000-000000000001 with 2 module(s)[39m
[32m[Nest] 543081  - [39m06/09/2026, 4:57:12 AM [32m    LOG[39m [38;5;3m[AssignmentService] [39m[32mAssignment asgn-1 (draft) created on lesson 44444444-4444-4444-4444-444444444444 by TEACHER 00000000-0000-0000-0000-000000000001 with 2 module(s)[39m
[32m[Nest] 543081  - [39m06/09/2026, 4:57:12 AM [32m    LOG[39m [38;5;3m[AssignmentService] [39m[32mAssignment asgn-1 (draft) created on lesson 44444444-4444-4444-4444-444444444444 by TEACHER 00000000-0000-0000-0000-000000000001 with 2 module(s)[39m
[32m[Nest] 543081  - [39m06/09/2026, 4:57:12 AM [32m    LOG[39m [38;5;3m[AssignmentService] [39m[32mAssignment asgn-1 (draft) created on lesson 44444444-4444-4444-4444-444444444444 by TEACHER 00000000-0000-0000-0000-000000000001 with 1 module(s)[39m
[32m[Nest] 543081  - [39m06/09/2026, 4:57:12 AM [32m    LOG[39m [38;5;3m[AssignmentService] [39m[32mAssignment asgn-1 (draft) created on lesson 44444444-4444-4444-4444-444444444444 by TEACHER 00000000-0000-0000-0000-000000000001 with 1 module(s)[39m
[32m[Nest] 543081  - [39m06/09/2026, 4:57:12 AM [32m    LOG[39m [38;5;3m[AssignmentService] [39m[32mAssignment asgn-1 (draft) created on lesson 44444444-4444-4444-4444-444444444444 by TEACHER 00000000-0000-0000-0000-000000000001 with 2 module(s)[39m
[32m[Nest] 543081  - [39m06/09/2026, 4:57:12 AM [32m    LOG[39m [38;5;3m[AssignmentService] [39m[32mAssignment asgn-1 (draft) created on lesson 44444444-4444-4444-4444-444444444444 by TEACHER 00000000-0000-0000-0000-000000000001 with 1 module(s)[39m
[32m[Nest] 543081  - [39m06/09/2026, 4:57:12 AM [32m    LOG[39m [38;5;3m[AssignmentService] [39m[32mAssignment asgn-1 (draft) created on lesson 44444444-4444-4444-4444-444444444444 by TEACHER 00000000-0000-0000-0000-000000000001 with 2 module(s)[39m
[32m[Nest] 543081  - [39m06/09/2026, 4:57:12 AM [32m    LOG[39m [38;5;3m[AssignmentService] [39m[32mAssignment asgn-1 (draft) created on lesson 44444444-4444-4444-4444-444444444444 by TEACHER 00000000-0000-0000-0000-000000000001 with 3 module(s)[39m
[32m[Nest] 543081  - [39m06/09/2026, 4:57:12 AM [32m    LOG[39m [38;5;3m[AssignmentService] [39m[32mAssignment asgn-1 (draft) created on lesson 44444444-4444-4444-4444-444444444444 by TEACHER 00000000-0000-0000-0000-000000000001 with 1 module(s)[39m
[32m[Nest] 543081  - [39m06/09/2026, 4:57:12 AM [32m    LOG[39m [38;5;3m[AssignmentService] [39m[32mAssignment asgn-1 (draft) created on lesson 44444444-4444-4444-4444-444444444444 by TEACHER 00000000-0000-0000-0000-000000000001 with 1 module(s)[39m
[32m[Nest] 543081  - [39m06/09/2026, 4:57:12 AM [32m    LOG[39m [38;5;3m[AssignmentService] [39m[32mAssignment asgn-1 (draft) created on lesson 44444444-4444-4444-4444-444444444444 by TEACHER 00000000-0000-0000-0000-000000000001 with 3 module(s)[39m
[32m[Nest] 543081  - [39m06/09/2026, 4:57:12 AM [32m    LOG[39m [38;5;3m[AssignmentService] [39m[32mAssignment asgn-1 (draft) created on lesson 44444444-4444-4444-4444-444444444444 by TEACHER 00000000-0000-0000-0000-000000000001 with 1 module(s)[39m
PASS src/modules/homework/runtimes/registry.spec.ts
PASS src/modules/homework/runtimes/writing.runtime.spec.ts (14.143 s)
[32m[Nest] 543081  - [39m06/09/2026, 4:57:12 AM [32m    LOG[39m [38;5;3m[AssignmentService] [39m[32mAssignment asgn-1 (draft) created on lesson 44444444-4444-4444-4444-444444444444 by TEACHER 00000000-0000-0000-0000-000000000001 with 1 module(s)[39m
[32m[Nest] 543081  - [39m06/09/2026, 4:57:12 AM [32m    LOG[39m [38;5;3m[AssignmentService] [39m[32mAssignment asgn-1 (draft) created on lesson 44444444-4444-4444-4444-444444444444 by TEACHER 00000000-0000-0000-0000-000000000001 with 2 module(s)[39m
[32m[Nest] 543081  - [39m06/09/2026, 4:57:12 AM [32m    LOG[39m [38;5;3m[AssignmentService] [39m[32mAssignment asgn-1 (draft) created on lesson 44444444-4444-4444-4444-444444444444 by TEACHER 00000000-0000-0000-0000-000000000001 with 3 module(s)[39m
[32m[Nest] 543081  - [39m06/09/2026, 4:57:12 AM [32m    LOG[39m [38;5;3m[AssignmentService] [39m[32mAssignment asgn-1 (draft) created on lesson 44444444-4444-4444-4444-444444444444 by TEACHER 00000000-0000-0000-0000-000000000001 with 1 module(s)[39m
[32m[Nest] 543081  - [39m06/09/2026, 4:57:12 AM [32m    LOG[39m [38;5;3m[AssignmentService] [39m[32mAssignment asgn-1 (draft) created on lesson 44444444-4444-4444-4444-444444444444 by TEACHER 00000000-0000-0000-0000-000000000001 with 2 module(s)[39m
[32m[Nest] 543081  - [39m06/09/2026, 4:57:12 AM [32m    LOG[39m [38;5;3m[AssignmentService] [39m[32mAssignment asgn-1 (draft) created on lesson 44444444-4444-4444-4444-444444444444 by TEACHER 00000000-0000-0000-0000-000000000001 with 2 module(s)[39m
[32m[Nest] 543081  - [39m06/09/2026, 4:57:12 AM [32m    LOG[39m [38;5;3m[AssignmentService] [39m[32mAssignment asgn-1 (draft) created on lesson 44444444-4444-4444-4444-444444444444 by TEACHER 00000000-0000-0000-0000-000000000001 with 2 module(s)[39m
PASS src/modules/homework/homework.service.spec.ts (14.286 s)
[32m[Nest] 543081  - [39m06/09/2026, 4:57:12 AM [32m    LOG[39m [38;5;3m[AssignmentService] [39m[32mAssignment asgn-1 (draft) created on lesson 44444444-4444-4444-4444-444444444444 by TEACHER 00000000-0000-0000-0000-000000000001 with 1 module(s)[39m
[32m[Nest] 543081  - [39m06/09/2026, 4:57:12 AM [32m    LOG[39m [38;5;3m[AssignmentService] [39m[32mAssignment asgn-1 (draft) created on lesson 44444444-4444-4444-4444-444444444444 by TEACHER 00000000-0000-0000-0000-000000000001 with 2 module(s)[39m
[32m[Nest] 543081  - [39m06/09/2026, 4:57:12 AM [32m    LOG[39m [38;5;3m[CatalogService] [39m[32mGroup 33333333-3333-3333-3333-333333333333: 1 module toggle(s) applied by TEACHER 00000000-0000-0000-0000-000000000001[39m
[32m[Nest] 543081  - [39m06/09/2026, 4:57:12 AM [32m    LOG[39m [38;5;3m[CatalogService] [39m[32mGroup 33333333-3333-3333-3333-333333333333: 1 module toggle(s) applied by TEACHER 00000000-0000-0000-0000-000000000001[39m
[32m[Nest] 543081  - [39m06/09/2026, 4:57:12 AM [32m    LOG[39m [38;5;3m[CatalogService] [39m[32mGroup 33333333-3333-3333-3333-333333333333: 1 module toggle(s) applied by TEACHER 00000000-0000-0000-0000-000000000001[39m
[32m[Nest] 543081  - [39m06/09/2026, 4:57:13 AM [32m    LOG[39m [38;5;3m[CatalogService] [39m[32mGroup 33333333-3333-3333-3333-333333333333: 1 module toggle(s) applied by TEACHER 00000000-0000-0000-0000-000000000001[39m
[32m[Nest] 543081  - [39m06/09/2026, 4:57:13 AM [32m    LOG[39m [38;5;3m[CatalogService] [39m[32mGroup 33333333-3333-3333-3333-333333333333: 1 module toggle(s) applied by TEACHER 00000000-0000-0000-0000-000000000001[39m
[32m[Nest] 543081  - [39m06/09/2026, 4:57:13 AM [32m    LOG[39m [38;5;3m[CatalogService] [39m[32mGroup 33333333-3333-3333-3333-333333333333: 1 module toggle(s) applied by TEACHER 00000000-0000-0000-0000-000000000001[39m
[32m[Nest] 543081  - [39m06/09/2026, 4:57:13 AM [32m    LOG[39m [38;5;3m[CatalogService] [39m[32mGroup 33333333-3333-3333-3333-333333333333: 1 module toggle(s) applied by TEACHER 00000000-0000-0000-0000-000000000001[39m
[32m[Nest] 543047  - [39m06/09/2026, 4:57:13 AM [32m    LOG[39m [38;5;3m[SubmissionService] [39m[32mSubmission 66666666-6666-6666-6666-666666666666 created (DRAFT) for student bbbbbbbb-bbbb-bbbb-bbbb-bbbbbbbbbbbb on assignment 33333333-3333-3333-3333-333333333333[39m
[32m[Nest] 543081  - [39m06/09/2026, 4:57:13 AM [32m    LOG[39m [38;5;3m[CatalogService] [39m[32mGroup 33333333-3333-3333-3333-333333333333: 1 module toggle(s) applied by TEACHER 00000000-0000-0000-0000-000000000001[39m
[95m[Nest] 543047  - [39m06/09/2026, 4:57:13 AM [95m  DEBUG[39m [38;5;3m[SubmissionService] [39m[95mcreateDraft idempotent — returning existing submission 66666666-6666-6666-6666-666666666666 (status=DRAFT)[39m
[32m[Nest] 543047  - [39m06/09/2026, 4:57:13 AM [32m    LOG[39m [38;5;3m[SubmissionService] [39m[32mSubmission 66666666-6666-6666-6666-666666666666 → SUBMITTED (teacher=11111111-1111-1111-1111-111111111111 student=bbbbbbbb-bbbb-bbbb-bbbb-bbbbbbbbbbbb)[39m
[31m[Nest] 543047  - [39m06/09/2026, 4:57:13 AM [31m  ERROR[39m [38;5;3m[SubmissionService] [39m[31mSubmission 66666666-6666-6666-6666-666666666666: failed to enqueue AI grading job — redis timeout. Falling back to outbox-driven dispatch.[39m
Error: redis timeout
    at Object.<anonymous> (/home/xursanalime/Desktop/bilgimAI (Copy)/apps/api/src/modules/homework/submission.service.spec.ts:501:48)
    at Promise.then.completed (/home/xursanalime/Desktop/bilgimAI (Copy)/node_modules/.pnpm/jest-circus@29.7.0/node_modules/jest-circus/build/utils.js:298:28)
    at new Promise (<anonymous>)
    at callAsyncCircusFn (/home/xursanalime/Desktop/bilgimAI (Copy)/node_modules/.pnpm/jest-circus@29.7.0/node_modules/jest-circus/build/utils.js:231:10)
    at _callCircusTest (/home/xursanalime/Desktop/bilgimAI (Copy)/node_modules/.pnpm/jest-circus@29.7.0/node_modules/jest-circus/build/run.js:316:40)
    at processTicksAndRejections (node:internal/process/task_queues:95:5)
    at _runTest (/home/xursanalime/Desktop/bilgimAI (Copy)/node_modules/.pnpm/jest-circus@29.7.0/node_modules/jest-circus/build/run.js:252:3)
    at _runTestsForDescribeBlock (/home/xursanalime/Desktop/bilgimAI (Copy)/node_modules/.pnpm/jest-circus@29.7.0/node_modules/jest-circus/build/run.js:126:9)
    at _runTestsForDescribeBlock (/home/xursanalime/Desktop/bilgimAI (Copy)/node_modules/.pnpm/jest-circus@29.7.0/node_modules/jest-circus/build/run.js:121:9)
    at _runTestsForDescribeBlock (/home/xursanalime/Desktop/bilgimAI (Copy)/node_modules/.pnpm/jest-circus@29.7.0/node_modules/jest-circus/build/run.js:121:9)
    at run (/home/xursanalime/Desktop/bilgimAI (Copy)/node_modules/.pnpm/jest-circus@29.7.0/node_modules/jest-circus/build/run.js:71:3)
    at runAndTransformResultsToJestFormat (/home/xursanalime/Desktop/bilgimAI (Copy)/node_modules/.pnpm/jest-circus@29.7.0/node_modules/jest-circus/build/legacy-code-todo-rewrite/jestAdapterInit.js:122:21)
    at jestAdapter (/home/xursanalime/Desktop/bilgimAI (Copy)/node_modules/.pnpm/jest-circus@29.7.0/node_modules/jest-circus/build/legacy-code-todo-rewrite/jestAdapter.js:79:19)
    at runTestInternal (/home/xursanalime/Desktop/bilgimAI (Copy)/node_modules/.pnpm/jest-runner@29.7.0/node_modules/jest-runner/build/runTest.js:367:16)
    at runTest (/home/xursanalime/Desktop/bilgimAI (Copy)/node_modules/.pnpm/jest-runner@29.7.0/node_modules/jest-runner/build/runTest.js:444:34)
    at Object.worker (/home/xursanalime/Desktop/bilgimAI (Copy)/node_modules/.pnpm/jest-runner@29.7.0/node_modules/jest-runner/build/testWorker.js:106:12)
[32m[Nest] 543081  - [39m06/09/2026, 4:57:13 AM [32m    LOG[39m [38;5;3m[CatalogService] [39m[32mGroup 33333333-3333-3333-3333-333333333333: 1 module toggle(s) applied by TEACHER 00000000-0000-0000-0000-000000000001[39m
[32m[Nest] 543047  - [39m06/09/2026, 4:57:13 AM [32m    LOG[39m [38;5;3m[SubmissionService] [39m[32mSubmission 66666666-6666-6666-6666-666666666666 → SUBMITTED (teacher=11111111-1111-1111-1111-111111111111 student=bbbbbbbb-bbbb-bbbb-bbbb-bbbbbbbbbbbb)[39m
[32m[Nest] 543081  - [39m06/09/2026, 4:57:13 AM [32m    LOG[39m [38;5;3m[CatalogService] [39m[32mGroup 33333333-3333-3333-3333-333333333333: 1 module toggle(s) applied by TEACHER 00000000-0000-0000-0000-000000000001[39m
[32m[Nest] 543047  - [39m06/09/2026, 4:57:13 AM [32m    LOG[39m [38;5;3m[SubmissionService] [39m[32mSubmission 66666666-6666-6666-6666-666666666666 → SUBMITTED (teacher=11111111-1111-1111-1111-111111111111 student=bbbbbbbb-bbbb-bbbb-bbbb-bbbbbbbbbbbb)[39m
[32m[Nest] 543081  - [39m06/09/2026, 4:57:13 AM [32m    LOG[39m [38;5;3m[CatalogService] [39m[32mGroup 33333333-3333-3333-3333-333333333333: 1 module toggle(s) applied by TEACHER 00000000-0000-0000-0000-000000000001[39m
[32m[Nest] 543047  - [39m06/09/2026, 4:57:13 AM [32m    LOG[39m [38;5;3m[SubmissionService] [39m[32mSubmission 66666666-6666-6666-6666-666666666666 → SUBMITTED (teacher=11111111-1111-1111-1111-111111111111 student=bbbbbbbb-bbbb-bbbb-bbbb-bbbbbbbbbbbb)[39m
[32m[Nest] 543047  - [39m06/09/2026, 4:57:13 AM [32m    LOG[39m [38;5;3m[SubmissionService] [39m[32mSubmission 66666666-6666-6666-6666-666666666666 → GRADED score=85/100 by teacher 11111111-1111-1111-1111-111111111111[39m
[32m[Nest] 543047  - [39m06/09/2026, 4:57:13 AM [32m    LOG[39m [38;5;3m[SubmissionService] [39m[32mSubmission 66666666-6666-6666-6666-666666666666 → GRADED score=90/100 by teacher 11111111-1111-1111-1111-111111111111[39m
[32m[Nest] 543047  - [39m06/09/2026, 4:57:13 AM [32m    LOG[39m [38;5;3m[SubmissionService] [39m[32mSubmission 66666666-6666-6666-6666-666666666666 → GRADED score=100/100 by teacher 22222222-2222-2222-2222-222222222222[39m
[32m[Nest] 543047  - [39m06/09/2026, 4:57:13 AM [32m    LOG[39m [38;5;3m[SubmissionService] [39m[32mSubmission 66666666-6666-6666-6666-666666666666 → RETURNED by teacher 11111111-1111-1111-1111-111111111111[39m
[32m[Nest] 543047  - [39m06/09/2026, 4:57:13 AM [32m    LOG[39m [38;5;3m[SubmissionService] [39m[32mSubmission 66666666-6666-6666-6666-666666666666 → RETURNED by teacher 11111111-1111-1111-1111-111111111111[39m
[32m[Nest] 543047  - [39m06/09/2026, 4:57:13 AM [32m    LOG[39m [38;5;3m[SubmissionService] [39m[32mSubmission 66666666-6666-6666-6666-666666666666 created (DRAFT) for student bbbbbbbb-bbbb-bbbb-bbbb-bbbbbbbbbbbb on assignment 33333333-3333-3333-3333-333333333333[39m
[32m[Nest] 543047  - [39m06/09/2026, 4:57:13 AM [32m    LOG[39m [38;5;3m[SubmissionService] [39m[32mSubmission 66666666-6666-6666-6666-666666666666 → SUBMITTED (teacher=11111111-1111-1111-1111-111111111111 student=bbbbbbbb-bbbb-bbbb-bbbb-bbbbbbbbbbbb)[39m
[32m[Nest] 543047  - [39m06/09/2026, 4:57:13 AM [32m    LOG[39m [38;5;3m[SubmissionService] [39m[32mSubmission 66666666-6666-6666-6666-666666666666 → GRADED score=80/100 by teacher 11111111-1111-1111-1111-111111111111[39m
[32m[Nest] 543047  - [39m06/09/2026, 4:57:13 AM [32m    LOG[39m [38;5;3m[SubmissionService] [39m[32mSubmission 66666666-6666-6666-6666-666666666666 → RETURNED by teacher 11111111-1111-1111-1111-111111111111[39m
[32m[Nest] 543047  - [39m06/09/2026, 4:57:13 AM [32m    LOG[39m [38;5;3m[SubmissionService] [39m[32mSubmission 66666666-6666-6666-6666-666666666666 → SUBMITTED (teacher=11111111-1111-1111-1111-111111111111 student=bbbbbbbb-bbbb-bbbb-bbbb-bbbbbbbbbbbb)[39m
[32m[Nest] 543047  - [39m06/09/2026, 4:57:13 AM [32m    LOG[39m [38;5;3m[SubmissionService] [39m[32mSubmission 66666666-6666-6666-6666-666666666666 → SUBMITTED (teacher=11111111-1111-1111-1111-111111111111 student=bbbbbbbb-bbbb-bbbb-bbbb-bbbbbbbbbbbb)[39m
[32m[Nest] 543047  - [39m06/09/2026, 4:57:13 AM [32m    LOG[39m [38;5;3m[SubmissionService] [39m[32mSubmission 66666666-6666-6666-6666-666666666666 → SUBMITTED (teacher=11111111-1111-1111-1111-111111111111 student=bbbbbbbb-bbbb-bbbb-bbbb-bbbbbbbbbbbb aiLikelihood=0.850 aiFlagged=true)[39m
[33m[Nest] 543054  - [39m06/09/2026, 4:57:13 AM [33m   WARN[39m [38;5;3m[AiGradingProcessor] [39m[33mAiGradingProcessor: submission sub-1 not found; skipping[39m
[32m[Nest] 543047  - [39m06/09/2026, 4:57:13 AM [32m    LOG[39m [38;5;3m[SubmissionService] [39m[32mSubmission 66666666-6666-6666-6666-666666666666 → SUBMITTED (teacher=11111111-1111-1111-1111-111111111111 student=bbbbbbbb-bbbb-bbbb-bbbb-bbbbbbbbbbbb aiLikelihood=0.300 aiFlagged=false)[39m
PASS src/modules/homework/workers/ai-grading.processor.spec.ts
FAIL src/modules/homework/submission.service.spec.ts (14.858 s)
  ● SubmissionService — AI text detection on submit (Task 20.3) › runs the AI-text detector at submit time and stamps aiLikelihood + aiFlagged on the row

    expect(jest.fn()).toHaveBeenCalledWith(...expected)

    - Expected
    + Received

      Object {
    -   "text": StringContaining "student essay text here",
    -   "threshold": 0.7,
    +   "text": "student essay text here",
    +   "threshold": 0.75,
        "userId": "bbbbbbbb-bbbb-bbbb-bbbb-bbbbbbbbbbbb",
      },

    Number of calls: 1

      1492 |     );
      1493 |
    > 1494 |     expect(aiTextDetect.detect).toHaveBeenCalledWith({
           |                                 ^
      1495 |       userId: STUDENT_ID,
      1496 |       text: expect.stringContaining('student essay text here'),
      1497 |       threshold: 0.7,

      at Object.<anonymous> (/home/xursanalime/Desktop/bilgimAI (Copy)../../../../../../apps/api/src/modules/homework/submission.service.spec.ts:1494:33)

[32m[Nest] 543047  - [39m06/09/2026, 4:57:13 AM [32m    LOG[39m [38;5;3m[SubmissionService] [39m[32mSubmission 66666666-6666-6666-6666-666666666666 → SUBMITTED (teacher=11111111-1111-1111-1111-111111111111 student=bbbbbbbb-bbbb-bbbb-bbbb-bbbbbbbbbbbb aiLikelihood=0.000 aiFlagged=false)[39m
[33m[Nest] 543047  - [39m06/09/2026, 4:57:13 AM [33m   WARN[39m [38;5;3m[SubmissionService] [39m[33mrunAiTextDetection: detector failed for student bbbbbbbb-bbbb-bbbb-bbbb-bbbbbbbbbbbb: upstream 502; proceeding with submit and falling back to BullMQ-driven precheck[39m
[32m[Nest] 543047  - [39m06/09/2026, 4:57:13 AM [32m    LOG[39m [38;5;3m[SubmissionService] [39m[32mSubmission 66666666-6666-6666-6666-666666666666 → SUBMITTED (teacher=11111111-1111-1111-1111-111111111111 student=bbbbbbbb-bbbb-bbbb-bbbb-bbbbbbbbbbbb)[39m
[32m[Nest] 543047  - [39m06/09/2026, 4:57:13 AM [32m    LOG[39m [38;5;3m[SubmissionService] [39m[32mSubmission 66666666-6666-6666-6666-666666666666 → SUBMITTED (teacher=11111111-1111-1111-1111-111111111111 student=bbbbbbbb-bbbb-bbbb-bbbb-bbbbbbbbbbbb)[39m
[33m[Nest] 543054  - [39m06/09/2026, 4:57:13 AM [33m   WARN[39m [38;5;3m[AiGradingProcessor] [39m[33mAiGradingProcessor: job job-1 missing submissionId; skipping[39m
[32m[Nest] 543081  - [39m06/09/2026, 4:57:13 AM [32m    LOG[39m [38;5;3m[AssignmentService] [39m[32mAssignment asgn-1 (draft) created on lesson 44444444-4444-4444-4444-444444444444 by TEACHER 00000000-0000-0000-0000-000000000001 with 1 module(s)[39m
[32m[Nest] 543081  - [39m06/09/2026, 4:57:13 AM [32m    LOG[39m [38;5;3m[AssignmentService] [39m[32mAssignment asgn-2 (draft) created on lesson 44444444-4444-4444-4444-444444444444 by TEACHER 00000000-0000-0000-0000-000000000001 with 1 module(s)[39m
[32m[Nest] 543081  - [39m06/09/2026, 4:57:13 AM [32m    LOG[39m [38;5;3m[AssignmentService] [39m[32mAssignment asgn-3 (draft) created on lesson 44444444-4444-4444-4444-444444444444 by TEACHER 00000000-0000-0000-0000-000000000001 with 1 module(s)[39m
[32m[Nest] 543081  - [39m06/09/2026, 4:57:13 AM [32m    LOG[39m [38;5;3m[CatalogService] [39m[32mGroup 33333333-3333-3333-3333-333333333333: 1 module toggle(s) applied by TEACHER 00000000-0000-0000-0000-000000000001[39m
[32m[Nest] 543081  - [39m06/09/2026, 4:57:13 AM [32m    LOG[39m [38;5;3m[CatalogService] [39m[32mGroup 33333333-3333-3333-3333-333333333333: 1 module toggle(s) applied by TEACHER 00000000-0000-0000-0000-000000000001[39m
[32m[Nest] 543081  - [39m06/09/2026, 4:57:13 AM [32m    LOG[39m [38;5;3m[CatalogService] [39m[32mGroup 33333333-3333-3333-3333-333333333333: 1 module toggle(s) applied by TEACHER 00000000-0000-0000-0000-000000000001[39m
[32m[Nest] 543081  - [39m06/09/2026, 4:57:13 AM [32m    LOG[39m [38;5;3m[AssignmentService] [39m[32mAssignment asgn-1 (draft) created on lesson 44444444-4444-4444-4444-444444444444 by TEACHER 00000000-0000-0000-0000-000000000001 with 1 module(s)[39m
[32m[Nest] 543081  - [39m06/09/2026, 4:57:13 AM [32m    LOG[39m [38;5;3m[AssignmentService] [39m[32mAssignment asgn-2 (draft) created on lesson 44444444-4444-4444-4444-444444444444 by TEACHER 00000000-0000-0000-0000-000000000001 with 1 module(s)[39m
[32m[Nest] 543081  - [39m06/09/2026, 4:57:13 AM [32m    LOG[39m [38;5;3m[AssignmentService] [39m[32mAssignment asgn-3 (draft) created on lesson 44444444-4444-4444-4444-444444444444 by TEACHER 00000000-0000-0000-0000-000000000001 with 1 module(s)[39m
[32m[Nest] 543081  - [39m06/09/2026, 4:57:13 AM [32m    LOG[39m [38;5;3m[CatalogService] [39m[32mGroup 33333333-3333-3333-3333-333333333333: 1 module toggle(s) applied by TEACHER 00000000-0000-0000-0000-000000000001[39m
[32m[Nest] 543081  - [39m06/09/2026, 4:57:13 AM [32m    LOG[39m [38;5;3m[CatalogService] [39m[32mGroup 33333333-3333-3333-3333-333333333333: 1 module toggle(s) applied by TEACHER 00000000-0000-0000-0000-000000000001[39m
[32m[Nest] 543081  - [39m06/09/2026, 4:57:13 AM [32m    LOG[39m [38;5;3m[CatalogService] [39m[32mGroup 33333333-3333-3333-3333-333333333333: 1 module toggle(s) applied by TEACHER 00000000-0000-0000-0000-000000000001[39m
[32m[Nest] 543081  - [39m06/09/2026, 4:57:13 AM [32m    LOG[39m [38;5;3m[AssignmentService] [39m[32mAssignment asgn-1 (draft) created on lesson 44444444-4444-4444-4444-444444444444 by TEACHER 00000000-0000-0000-0000-000000000001 with 1 module(s)[39m
[32m[Nest] 543081  - [39m06/09/2026, 4:57:13 AM [32m    LOG[39m [38;5;3m[AssignmentService] [39m[32mAssignment asgn-2 (draft) created on lesson 44444444-4444-4444-4444-444444444444 by TEACHER 00000000-0000-0000-0000-000000000001 with 1 module(s)[39m
[32m[Nest] 543081  - [39m06/09/2026, 4:57:13 AM [32m    LOG[39m [38;5;3m[CatalogService] [39m[32mGroup 33333333-3333-3333-3333-333333333333: 1 module toggle(s) applied by TEACHER 00000000-0000-0000-0000-000000000001[39m
[32m[Nest] 543081  - [39m06/09/2026, 4:57:13 AM [32m    LOG[39m [38;5;3m[CatalogService] [39m[32mGroup 33333333-3333-3333-3333-333333333333: 1 module toggle(s) applied by TEACHER 00000000-0000-0000-0000-000000000001[39m
[32m[Nest] 543081  - [39m06/09/2026, 4:57:13 AM [32m    LOG[39m [38;5;3m[AssignmentService] [39m[32mAssignment asgn-1 (draft) created on lesson 44444444-4444-4444-4444-444444444444 by TEACHER 00000000-0000-0000-0000-000000000001 with 1 module(s)[39m
[32m[Nest] 543081  - [39m06/09/2026, 4:57:13 AM [32m    LOG[39m [38;5;3m[AssignmentService] [39m[32mAssignment asgn-2 (draft) created on lesson 44444444-4444-4444-4444-444444444444 by TEACHER 00000000-0000-0000-0000-000000000001 with 1 module(s)[39m
[32m[Nest] 543081  - [39m06/09/2026, 4:57:13 AM [32m    LOG[39m [38;5;3m[AssignmentService] [39m[32mAssignment asgn-3 (draft) created on lesson 44444444-4444-4444-4444-444444444444 by TEACHER 00000000-0000-0000-0000-000000000001 with 1 module(s)[39m
[32m[Nest] 543081  - [39m06/09/2026, 4:57:13 AM [32m    LOG[39m [38;5;3m[AssignmentService] [39m[32mAssignment asgn-4 (draft) created on lesson 44444444-4444-4444-4444-444444444444 by TEACHER 00000000-0000-0000-0000-000000000001 with 1 module(s)[39m
[32m[Nest] 543081  - [39m06/09/2026, 4:57:13 AM [32m    LOG[39m [38;5;3m[CatalogService] [39m[32mGroup 33333333-3333-3333-3333-333333333333: 1 module toggle(s) applied by TEACHER 00000000-0000-0000-0000-000000000001[39m
[32m[Nest] 543081  - [39m06/09/2026, 4:57:13 AM [32m    LOG[39m [38;5;3m[CatalogService] [39m[32mGroup 33333333-3333-3333-3333-333333333333: 1 module toggle(s) applied by TEACHER 00000000-0000-0000-0000-000000000001[39m
[32m[Nest] 543081  - [39m06/09/2026, 4:57:13 AM [32m    LOG[39m [38;5;3m[CatalogService] [39m[32mGroup 33333333-3333-3333-3333-333333333333: 1 module toggle(s) applied by TEACHER 00000000-0000-0000-0000-000000000001[39m
[32m[Nest] 543081  - [39m06/09/2026, 4:57:13 AM [32m    LOG[39m [38;5;3m[CatalogService] [39m[32mGroup 33333333-3333-3333-3333-333333333333: 1 module toggle(s) applied by TEACHER 00000000-0000-0000-0000-000000000001[39m
[32m[Nest] 543081  - [39m06/09/2026, 4:57:13 AM [32m    LOG[39m [38;5;3m[AssignmentService] [39m[32mAssignment asgn-1 (draft) created on lesson 44444444-4444-4444-4444-444444444444 by TEACHER 00000000-0000-0000-0000-000000000001 with 1 module(s)[39m
[32m[Nest] 543081  - [39m06/09/2026, 4:57:13 AM [32m    LOG[39m [38;5;3m[AssignmentService] [39m[32mAssignment asgn-2 (draft) created on lesson 44444444-4444-4444-4444-444444444444 by TEACHER 00000000-0000-0000-0000-000000000001 with 1 module(s)[39m
[32m[Nest] 543081  - [39m06/09/2026, 4:57:13 AM [32m    LOG[39m [38;5;3m[AssignmentService] [39m[32mAssignment asgn-3 (draft) created on lesson 44444444-4444-4444-4444-444444444444 by TEACHER 00000000-0000-0000-0000-000000000001 with 1 module(s)[39m
[32m[Nest] 543081  - [39m06/09/2026, 4:57:13 AM [32m    LOG[39m [38;5;3m[AssignmentService] [39m[32mAssignment asgn-4 (draft) created on lesson 44444444-4444-4444-4444-444444444444 by TEACHER 00000000-0000-0000-0000-000000000001 with 1 module(s)[39m
[32m[Nest] 543081  - [39m06/09/2026, 4:57:13 AM [32m    LOG[39m [38;5;3m[CatalogService] [39m[32mGroup 33333333-3333-3333-3333-333333333333: 1 module toggle(s) applied by TEACHER 00000000-0000-0000-0000-000000000001[39m
[32m[Nest] 543081  - [39m06/09/2026, 4:57:13 AM [32m    LOG[39m [38;5;3m[CatalogService] [39m[32mGroup 33333333-3333-3333-3333-333333333333: 1 module toggle(s) applied by TEACHER 00000000-0000-0000-0000-000000000001[39m
[32m[Nest] 543081  - [39m06/09/2026, 4:57:13 AM [32m    LOG[39m [38;5;3m[CatalogService] [39m[32mGroup 33333333-3333-3333-3333-333333333333: 1 module toggle(s) applied by TEACHER 00000000-0000-0000-0000-000000000001[39m
[32m[Nest] 543081  - [39m06/09/2026, 4:57:13 AM [32m    LOG[39m [38;5;3m[CatalogService] [39m[32mGroup 33333333-3333-3333-3333-333333333333: 1 module toggle(s) applied by TEACHER 00000000-0000-0000-0000-000000000001[39m
[32m[Nest] 543081  - [39m06/09/2026, 4:57:13 AM [32m    LOG[39m [38;5;3m[AssignmentService] [39m[32mAssignment asgn-1 (draft) created on lesson 44444444-4444-4444-4444-444444444444 by TEACHER 00000000-0000-0000-0000-000000000001 with 1 module(s)[39m
[32m[Nest] 543081  - [39m06/09/2026, 4:57:13 AM [32m    LOG[39m [38;5;3m[AssignmentService] [39m[32mAssignment asgn-2 (draft) created on lesson 44444444-4444-4444-4444-444444444444 by TEACHER 00000000-0000-0000-0000-000000000001 with 1 module(s)[39m
[32m[Nest] 543081  - [39m06/09/2026, 4:57:13 AM [32m    LOG[39m [38;5;3m[AssignmentService] [39m[32mAssignment asgn-3 (draft) created on lesson 44444444-4444-4444-4444-444444444444 by TEACHER 00000000-0000-0000-0000-000000000001 with 1 module(s)[39m
[32m[Nest] 543081  - [39m06/09/2026, 4:57:13 AM [32m    LOG[39m [38;5;3m[CatalogService] [39m[32mGroup 33333333-3333-3333-3333-333333333333: 1 module toggle(s) applied by TEACHER 00000000-0000-0000-0000-000000000001[39m
[32m[Nest] 543081  - [39m06/09/2026, 4:57:13 AM [32m    LOG[39m [38;5;3m[CatalogService] [39m[32mGroup 33333333-3333-3333-3333-333333333333: 1 module toggle(s) applied by TEACHER 00000000-0000-0000-0000-000000000001[39m
[32m[Nest] 543081  - [39m06/09/2026, 4:57:13 AM [32m    LOG[39m [38;5;3m[CatalogService] [39m[32mGroup 33333333-3333-3333-3333-333333333333: 1 module toggle(s) applied by TEACHER 00000000-0000-0000-0000-000000000001[39m
[32m[Nest] 543081  - [39m06/09/2026, 4:57:13 AM [32m    LOG[39m [38;5;3m[AssignmentService] [39m[32mAssignment asgn-1 (draft) created on lesson 44444444-4444-4444-4444-444444444444 by TEACHER 00000000-0000-0000-0000-000000000001 with 1 module(s)[39m
[32m[Nest] 543081  - [39m06/09/2026, 4:57:13 AM [32m    LOG[39m [38;5;3m[AssignmentService] [39m[32mAssignment asgn-2 (draft) created on lesson 44444444-4444-4444-4444-444444444444 by TEACHER 00000000-0000-0000-0000-000000000001 with 1 module(s)[39m
[32m[Nest] 543081  - [39m06/09/2026, 4:57:13 AM [32m    LOG[39m [38;5;3m[AssignmentService] [39m[32mAssignment asgn-3 (draft) created on lesson 44444444-4444-4444-4444-444444444444 by TEACHER 00000000-0000-0000-0000-000000000001 with 1 module(s)[39m
[32m[Nest] 543081  - [39m06/09/2026, 4:57:13 AM [32m    LOG[39m [38;5;3m[CatalogService] [39m[32mGroup 33333333-3333-3333-3333-333333333333: 1 module toggle(s) applied by TEACHER 00000000-0000-0000-0000-000000000001[39m
[32m[Nest] 543081  - [39m06/09/2026, 4:57:13 AM [32m    LOG[39m [38;5;3m[CatalogService] [39m[32mGroup 33333333-3333-3333-3333-333333333333: 1 module toggle(s) applied by TEACHER 00000000-0000-0000-0000-000000000001[39m
[32m[Nest] 543081  - [39m06/09/2026, 4:57:13 AM [32m    LOG[39m [38;5;3m[CatalogService] [39m[32mGroup 33333333-3333-3333-3333-333333333333: 1 module toggle(s) applied by TEACHER 00000000-0000-0000-0000-000000000001[39m
[32m[Nest] 543081  - [39m06/09/2026, 4:57:13 AM [32m    LOG[39m [38;5;3m[AssignmentService] [39m[32mAssignment asgn-1 (draft) created on lesson 44444444-4444-4444-4444-444444444444 by TEACHER 00000000-0000-0000-0000-000000000001 with 1 module(s)[39m
[32m[Nest] 543081  - [39m06/09/2026, 4:57:13 AM [32m    LOG[39m [38;5;3m[AssignmentService] [39m[32mAssignment asgn-2 (draft) created on lesson 44444444-4444-4444-4444-444444444444 by TEACHER 00000000-0000-0000-0000-000000000001 with 1 module(s)[39m
[32m[Nest] 543081  - [39m06/09/2026, 4:57:13 AM [32m    LOG[39m [38;5;3m[CatalogService] [39m[32mGroup 33333333-3333-3333-3333-333333333333: 1 module toggle(s) applied by TEACHER 00000000-0000-0000-0000-000000000001[39m
[32m[Nest] 543081  - [39m06/09/2026, 4:57:13 AM [32m    LOG[39m [38;5;3m[CatalogService] [39m[32mGroup 33333333-3333-3333-3333-333333333333: 1 module toggle(s) applied by TEACHER 00000000-0000-0000-0000-000000000001[39m
[32m[Nest] 543081  - [39m06/09/2026, 4:57:13 AM [32m    LOG[39m [38;5;3m[AssignmentService] [39m[32mAssignment asgn-1 (draft) created on lesson 44444444-4444-4444-4444-444444444444 by TEACHER 00000000-0000-0000-0000-000000000001 with 1 module(s)[39m
[32m[Nest] 543081  - [39m06/09/2026, 4:57:13 AM [32m    LOG[39m [38;5;3m[AssignmentService] [39m[32mAssignment asgn-2 (draft) created on lesson 44444444-4444-4444-4444-444444444444 by TEACHER 00000000-0000-0000-0000-000000000001 with 1 module(s)[39m
[32m[Nest] 543081  - [39m06/09/2026, 4:57:13 AM [32m    LOG[39m [38;5;3m[AssignmentService] [39m[32mAssignment asgn-3 (draft) created on lesson 44444444-4444-4444-4444-444444444444 by TEACHER 00000000-0000-0000-0000-000000000001 with 1 module(s)[39m
[32m[Nest] 543081  - [39m06/09/2026, 4:57:13 AM [32m    LOG[39m [38;5;3m[CatalogService] [39m[32mGroup 33333333-3333-3333-3333-333333333333: 1 module toggle(s) applied by TEACHER 00000000-0000-0000-0000-000000000001[39m
[32m[Nest] 543081  - [39m06/09/2026, 4:57:13 AM [32m    LOG[39m [38;5;3m[CatalogService] [39m[32mGroup 33333333-3333-3333-3333-333333333333: 1 module toggle(s) applied by TEACHER 00000000-0000-0000-0000-000000000001[39m
[32m[Nest] 543081  - [39m06/09/2026, 4:57:13 AM [32m    LOG[39m [38;5;3m[CatalogService] [39m[32mGroup 33333333-3333-3333-3333-333333333333: 1 module toggle(s) applied by TEACHER 00000000-0000-0000-0000-000000000001[39m
[32m[Nest] 543081  - [39m06/09/2026, 4:57:13 AM [32m    LOG[39m [38;5;3m[AssignmentService] [39m[32mAssignment asgn-1 (draft) created on lesson 44444444-4444-4444-4444-444444444444 by TEACHER 00000000-0000-0000-0000-000000000001 with 1 module(s)[39m
[32m[Nest] 543081  - [39m06/09/2026, 4:57:13 AM [32m    LOG[39m [38;5;3m[AssignmentService] [39m[32mAssignment asgn-2 (draft) created on lesson 44444444-4444-4444-4444-444444444444 by TEACHER 00000000-0000-0000-0000-000000000001 with 1 module(s)[39m
[32m[Nest] 543081  - [39m06/09/2026, 4:57:13 AM [32m    LOG[39m [38;5;3m[AssignmentService] [39m[32mAssignment asgn-3 (draft) created on lesson 44444444-4444-4444-4444-444444444444 by TEACHER 00000000-0000-0000-0000-000000000001 with 1 module(s)[39m
[32m[Nest] 543081  - [39m06/09/2026, 4:57:13 AM [32m    LOG[39m [38;5;3m[CatalogService] [39m[32mGroup 33333333-3333-3333-3333-333333333333: 1 module toggle(s) applied by TEACHER 00000000-0000-0000-0000-000000000001[39m
[32m[Nest] 543081  - [39m06/09/2026, 4:57:13 AM [32m    LOG[39m [38;5;3m[CatalogService] [39m[32mGroup 33333333-3333-3333-3333-333333333333: 1 module toggle(s) applied by TEACHER 00000000-0000-0000-0000-000000000001[39m
[32m[Nest] 543081  - [39m06/09/2026, 4:57:13 AM [32m    LOG[39m [38;5;3m[CatalogService] [39m[32mGroup 33333333-3333-3333-3333-333333333333: 1 module toggle(s) applied by TEACHER 00000000-0000-0000-0000-000000000001[39m
[32m[Nest] 543081  - [39m06/09/2026, 4:57:13 AM [32m    LOG[39m [38;5;3m[AssignmentService] [39m[32mAssignment asgn-1 (draft) created on lesson 44444444-4444-4444-4444-444444444444 by TEACHER 00000000-0000-0000-0000-000000000001 with 1 module(s)[39m
[32m[Nest] 543081  - [39m06/09/2026, 4:57:13 AM [32m    LOG[39m [38;5;3m[AssignmentService] [39m[32mAssignment asgn-2 (draft) created on lesson 44444444-4444-4444-4444-444444444444 by TEACHER 00000000-0000-0000-0000-000000000001 with 1 module(s)[39m
[32m[Nest] 543081  - [39m06/09/2026, 4:57:13 AM [32m    LOG[39m [38;5;3m[AssignmentService] [39m[32mAssignment asgn-3 (draft) created on lesson 44444444-4444-4444-4444-444444444444 by TEACHER 00000000-0000-0000-0000-000000000001 with 1 module(s)[39m
[32m[Nest] 543081  - [39m06/09/2026, 4:57:13 AM [32m    LOG[39m [38;5;3m[CatalogService] [39m[32mGroup 33333333-3333-3333-3333-333333333333: 1 module toggle(s) applied by TEACHER 00000000-0000-0000-0000-000000000001[39m
[32m[Nest] 543081  - [39m06/09/2026, 4:57:13 AM [32m    LOG[39m [38;5;3m[CatalogService] [39m[32mGroup 33333333-3333-3333-3333-333333333333: 1 module toggle(s) applied by TEACHER 00000000-0000-0000-0000-000000000001[39m
[32m[Nest] 543081  - [39m06/09/2026, 4:57:13 AM [32m    LOG[39m [38;5;3m[CatalogService] [39m[32mGroup 33333333-3333-3333-3333-333333333333: 1 module toggle(s) applied by TEACHER 00000000-0000-0000-0000-000000000001[39m
[32m[Nest] 543081  - [39m06/09/2026, 4:57:13 AM [32m    LOG[39m [38;5;3m[AssignmentService] [39m[32mAssignment asgn-1 (draft) created on lesson 44444444-4444-4444-4444-444444444444 by TEACHER 00000000-0000-0000-0000-000000000001 with 1 module(s)[39m
[32m[Nest] 543081  - [39m06/09/2026, 4:57:13 AM [32m    LOG[39m [38;5;3m[AssignmentService] [39m[32mAssignment asgn-2 (draft) created on lesson 44444444-4444-4444-4444-444444444444 by TEACHER 00000000-0000-0000-0000-000000000001 with 1 module(s)[39m
[32m[Nest] 543081  - [39m06/09/2026, 4:57:13 AM [32m    LOG[39m [38;5;3m[AssignmentService] [39m[32mAssignment asgn-3 (draft) created on lesson 44444444-4444-4444-4444-444444444444 by TEACHER 00000000-0000-0000-0000-000000000001 with 1 module(s)[39m
[32m[Nest] 543081  - [39m06/09/2026, 4:57:13 AM [32m    LOG[39m [38;5;3m[AssignmentService] [39m[32mAssignment asgn-4 (draft) created on lesson 44444444-4444-4444-4444-444444444444 by TEACHER 00000000-0000-0000-0000-000000000001 with 1 module(s)[39m
[32m[Nest] 543081  - [39m06/09/2026, 4:57:13 AM [32m    LOG[39m [38;5;3m[CatalogService] [39m[32mGroup 33333333-3333-3333-3333-333333333333: 1 module toggle(s) applied by TEACHER 00000000-0000-0000-0000-000000000001[39m
[32m[Nest] 543081  - [39m06/09/2026, 4:57:13 AM [32m    LOG[39m [38;5;3m[CatalogService] [39m[32mGroup 33333333-3333-3333-3333-333333333333: 1 module toggle(s) applied by TEACHER 00000000-0000-0000-0000-000000000001[39m
[32m[Nest] 543081  - [39m06/09/2026, 4:57:13 AM [32m    LOG[39m [38;5;3m[CatalogService] [39m[32mGroup 33333333-3333-3333-3333-333333333333: 1 module toggle(s) applied by TEACHER 00000000-0000-0000-0000-000000000001[39m
[32m[Nest] 543081  - [39m06/09/2026, 4:57:13 AM [32m    LOG[39m [38;5;3m[CatalogService] [39m[32mGroup 33333333-3333-3333-3333-333333333333: 1 module toggle(s) applied by TEACHER 00000000-0000-0000-0000-000000000001[39m
[32m[Nest] 543081  - [39m06/09/2026, 4:57:13 AM [32m    LOG[39m [38;5;3m[AssignmentService] [39m[32mAssignment asgn-1 (draft) created on lesson 44444444-4444-4444-4444-444444444444 by TEACHER 00000000-0000-0000-0000-000000000001 with 1 module(s)[39m
[32m[Nest] 543081  - [39m06/09/2026, 4:57:13 AM [32m    LOG[39m [38;5;3m[AssignmentService] [39m[32mAssignment asgn-2 (draft) created on lesson 44444444-4444-4444-4444-444444444444 by TEACHER 00000000-0000-0000-0000-000000000001 with 1 module(s)[39m
[32m[Nest] 543081  - [39m06/09/2026, 4:57:13 AM [32m    LOG[39m [38;5;3m[AssignmentService] [39m[32mAssignment asgn-3 (draft) created on lesson 44444444-4444-4444-4444-444444444444 by TEACHER 00000000-0000-0000-0000-000000000001 with 1 module(s)[39m
[32m[Nest] 543081  - [39m06/09/2026, 4:57:13 AM [32m    LOG[39m [38;5;3m[AssignmentService] [39m[32mAssignment asgn-4 (draft) created on lesson 44444444-4444-4444-4444-444444444444 by TEACHER 00000000-0000-0000-0000-000000000001 with 1 module(s)[39m
[32m[Nest] 543081  - [39m06/09/2026, 4:57:13 AM [32m    LOG[39m [38;5;3m[CatalogService] [39m[32mGroup 33333333-3333-3333-3333-333333333333: 1 module toggle(s) applied by TEACHER 00000000-0000-0000-0000-000000000001[39m
[32m[Nest] 543081  - [39m06/09/2026, 4:57:13 AM [32m    LOG[39m [38;5;3m[CatalogService] [39m[32mGroup 33333333-3333-3333-3333-333333333333: 1 module toggle(s) applied by TEACHER 00000000-0000-0000-0000-000000000001[39m
[32m[Nest] 543081  - [39m06/09/2026, 4:57:13 AM [32m    LOG[39m [38;5;3m[CatalogService] [39m[32mGroup 33333333-3333-3333-3333-333333333333: 1 module toggle(s) applied by TEACHER 00000000-0000-0000-0000-000000000001[39m
[32m[Nest] 543081  - [39m06/09/2026, 4:57:13 AM [32m    LOG[39m [38;5;3m[CatalogService] [39m[32mGroup 33333333-3333-3333-3333-333333333333: 1 module toggle(s) applied by TEACHER 00000000-0000-0000-0000-000000000001[39m
[32m[Nest] 543081  - [39m06/09/2026, 4:57:13 AM [32m    LOG[39m [38;5;3m[AssignmentService] [39m[32mAssignment asgn-1 (draft) created on lesson 44444444-4444-4444-4444-444444444444 by TEACHER 00000000-0000-0000-0000-000000000001 with 1 module(s)[39m
[32m[Nest] 543081  - [39m06/09/2026, 4:57:13 AM [32m    LOG[39m [38;5;3m[AssignmentService] [39m[32mAssignment asgn-2 (draft) created on lesson 44444444-4444-4444-4444-444444444444 by TEACHER 00000000-0000-0000-0000-000000000001 with 1 module(s)[39m
[32m[Nest] 543081  - [39m06/09/2026, 4:57:13 AM [32m    LOG[39m [38;5;3m[AssignmentService] [39m[32mAssignment asgn-3 (draft) created on lesson 44444444-4444-4444-4444-444444444444 by TEACHER 00000000-0000-0000-0000-000000000001 with 1 module(s)[39m
[32m[Nest] 543081  - [39m06/09/2026, 4:57:13 AM [32m    LOG[39m [38;5;3m[CatalogService] [39m[32mGroup 33333333-3333-3333-3333-333333333333: 1 module toggle(s) applied by TEACHER 00000000-0000-0000-0000-000000000001[39m
[32m[Nest] 543081  - [39m06/09/2026, 4:57:13 AM [32m    LOG[39m [38;5;3m[CatalogService] [39m[32mGroup 33333333-3333-3333-3333-333333333333: 1 module toggle(s) applied by TEACHER 00000000-0000-0000-0000-000000000001[39m
[32m[Nest] 543081  - [39m06/09/2026, 4:57:13 AM [32m    LOG[39m [38;5;3m[CatalogService] [39m[32mGroup 33333333-3333-3333-3333-333333333333: 1 module toggle(s) applied by TEACHER 00000000-0000-0000-0000-000000000001[39m
[32m[Nest] 543081  - [39m06/09/2026, 4:57:13 AM [32m    LOG[39m [38;5;3m[AssignmentService] [39m[32mAssignment asgn-1 (draft) created on lesson 44444444-4444-4444-4444-444444444444 by TEACHER 00000000-0000-0000-0000-000000000001 with 1 module(s)[39m
[32m[Nest] 543081  - [39m06/09/2026, 4:57:13 AM [32m    LOG[39m [38;5;3m[AssignmentService] [39m[32mAssignment asgn-2 (draft) created on lesson 44444444-4444-4444-4444-444444444444 by TEACHER 00000000-0000-0000-0000-000000000001 with 1 module(s)[39m
[32m[Nest] 543081  - [39m06/09/2026, 4:57:13 AM [32m    LOG[39m [38;5;3m[CatalogService] [39m[32mGroup 33333333-3333-3333-3333-333333333333: 1 module toggle(s) applied by TEACHER 00000000-0000-0000-0000-000000000001[39m
[32m[Nest] 543081  - [39m06/09/2026, 4:57:13 AM [32m    LOG[39m [38;5;3m[CatalogService] [39m[32mGroup 33333333-3333-3333-3333-333333333333: 1 module toggle(s) applied by TEACHER 00000000-0000-0000-0000-000000000001[39m
[32m[Nest] 543081  - [39m06/09/2026, 4:57:13 AM [32m    LOG[39m [38;5;3m[AssignmentService] [39m[32mAssignment asgn-1 (draft) created on lesson 44444444-4444-4444-4444-444444444444 by TEACHER 00000000-0000-0000-0000-000000000001 with 1 module(s)[39m
[32m[Nest] 543081  - [39m06/09/2026, 4:57:13 AM [32m    LOG[39m [38;5;3m[AssignmentService] [39m[32mAssignment asgn-2 (draft) created on lesson 44444444-4444-4444-4444-444444444444 by TEACHER 00000000-0000-0000-0000-000000000001 with 1 module(s)[39m
[32m[Nest] 543081  - [39m06/09/2026, 4:57:13 AM [32m    LOG[39m [38;5;3m[AssignmentService] [39m[32mAssignment asgn-3 (draft) created on lesson 44444444-4444-4444-4444-444444444444 by TEACHER 00000000-0000-0000-0000-000000000001 with 1 module(s)[39m
[32m[Nest] 543081  - [39m06/09/2026, 4:57:13 AM [32m    LOG[39m [38;5;3m[CatalogService] [39m[32mGroup 33333333-3333-3333-3333-333333333333: 1 module toggle(s) applied by TEACHER 00000000-0000-0000-0000-000000000001[39m
[32m[Nest] 543081  - [39m06/09/2026, 4:57:13 AM [32m    LOG[39m [38;5;3m[CatalogService] [39m[32mGroup 33333333-3333-3333-3333-333333333333: 1 module toggle(s) applied by TEACHER 00000000-0000-0000-0000-000000000001[39m
[32m[Nest] 543081  - [39m06/09/2026, 4:57:13 AM [32m    LOG[39m [38;5;3m[CatalogService] [39m[32mGroup 33333333-3333-3333-3333-333333333333: 1 module toggle(s) applied by TEACHER 00000000-0000-0000-0000-000000000001[39m
[32m[Nest] 543081  - [39m06/09/2026, 4:57:13 AM [32m    LOG[39m [38;5;3m[AssignmentService] [39m[32mAssignment asgn-1 (draft) created on lesson 44444444-4444-4444-4444-444444444444 by TEACHER 00000000-0000-0000-0000-000000000001 with 1 module(s)[39m
[32m[Nest] 543081  - [39m06/09/2026, 4:57:13 AM [32m    LOG[39m [38;5;3m[AssignmentService] [39m[32mAssignment asgn-2 (draft) created on lesson 44444444-4444-4444-4444-444444444444 by TEACHER 00000000-0000-0000-0000-000000000001 with 1 module(s)[39m
[32m[Nest] 543081  - [39m06/09/2026, 4:57:13 AM [32m    LOG[39m [38;5;3m[AssignmentService] [39m[32mAssignment asgn-3 (draft) created on lesson 44444444-4444-4444-4444-444444444444 by TEACHER 00000000-0000-0000-0000-000000000001 with 1 module(s)[39m
[32m[Nest] 543081  - [39m06/09/2026, 4:57:13 AM [32m    LOG[39m [38;5;3m[CatalogService] [39m[32mGroup 33333333-3333-3333-3333-333333333333: 1 module toggle(s) applied by TEACHER 00000000-0000-0000-0000-000000000001[39m
[32m[Nest] 543081  - [39m06/09/2026, 4:57:13 AM [32m    LOG[39m [38;5;3m[CatalogService] [39m[32mGroup 33333333-3333-3333-3333-333333333333: 1 module toggle(s) applied by TEACHER 00000000-0000-0000-0000-000000000001[39m
[32m[Nest] 543081  - [39m06/09/2026, 4:57:13 AM [32m    LOG[39m [38;5;3m[CatalogService] [39m[32mGroup 33333333-3333-3333-3333-333333333333: 1 module toggle(s) applied by TEACHER 00000000-0000-0000-0000-000000000001[39m
[32m[Nest] 543081  - [39m06/09/2026, 4:57:13 AM [32m    LOG[39m [38;5;3m[AssignmentService] [39m[32mAssignment asgn-1 (draft) created on lesson 44444444-4444-4444-4444-444444444444 by TEACHER 00000000-0000-0000-0000-000000000001 with 1 module(s)[39m
[32m[Nest] 543081  - [39m06/09/2026, 4:57:13 AM [32m    LOG[39m [38;5;3m[AssignmentService] [39m[32mAssignment asgn-2 (draft) created on lesson 44444444-4444-4444-4444-444444444444 by TEACHER 00000000-0000-0000-0000-000000000001 with 1 module(s)[39m
[32m[Nest] 543081  - [39m06/09/2026, 4:57:13 AM [32m    LOG[39m [38;5;3m[CatalogService] [39m[32mGroup 33333333-3333-3333-3333-333333333333: 1 module toggle(s) applied by TEACHER 00000000-0000-0000-0000-000000000001[39m
[32m[Nest] 543081  - [39m06/09/2026, 4:57:13 AM [32m    LOG[39m [38;5;3m[CatalogService] [39m[32mGroup 33333333-3333-3333-3333-333333333333: 1 module toggle(s) applied by TEACHER 00000000-0000-0000-0000-000000000001[39m
[32m[Nest] 543081  - [39m06/09/2026, 4:57:13 AM [32m    LOG[39m [38;5;3m[AssignmentService] [39m[32mAssignment asgn-1 (draft) created on lesson 44444444-4444-4444-4444-444444444444 by TEACHER 00000000-0000-0000-0000-000000000001 with 1 module(s)[39m
[32m[Nest] 543081  - [39m06/09/2026, 4:57:13 AM [32m    LOG[39m [38;5;3m[AssignmentService] [39m[32mAssignment asgn-2 (draft) created on lesson 44444444-4444-4444-4444-444444444444 by TEACHER 00000000-0000-0000-0000-000000000001 with 1 module(s)[39m
[32m[Nest] 543081  - [39m06/09/2026, 4:57:13 AM [32m    LOG[39m [38;5;3m[AssignmentService] [39m[32mAssignment asgn-3 (draft) created on lesson 44444444-4444-4444-4444-444444444444 by TEACHER 00000000-0000-0000-0000-000000000001 with 1 module(s)[39m
[32m[Nest] 543081  - [39m06/09/2026, 4:57:13 AM [32m    LOG[39m [38;5;3m[CatalogService] [39m[32mGroup 33333333-3333-3333-3333-333333333333: 1 module toggle(s) applied by TEACHER 00000000-0000-0000-0000-000000000001[39m
[32m[Nest] 543081  - [39m06/09/2026, 4:57:13 AM [32m    LOG[39m [38;5;3m[CatalogService] [39m[32mGroup 33333333-3333-3333-3333-333333333333: 1 module toggle(s) applied by TEACHER 00000000-0000-0000-0000-000000000001[39m
[32m[Nest] 543081  - [39m06/09/2026, 4:57:13 AM [32m    LOG[39m [38;5;3m[CatalogService] [39m[32mGroup 33333333-3333-3333-3333-333333333333: 1 module toggle(s) applied by TEACHER 00000000-0000-0000-0000-000000000001[39m
[32m[Nest] 543081  - [39m06/09/2026, 4:57:13 AM [32m    LOG[39m [38;5;3m[AssignmentService] [39m[32mAssignment asgn-1 (draft) created on lesson 44444444-4444-4444-4444-444444444444 by TEACHER 00000000-0000-0000-0000-000000000001 with 1 module(s)[39m
[32m[Nest] 543081  - [39m06/09/2026, 4:57:13 AM [32m    LOG[39m [38;5;3m[AssignmentService] [39m[32mAssignment asgn-2 (draft) created on lesson 44444444-4444-4444-4444-444444444444 by TEACHER 00000000-0000-0000-0000-000000000001 with 1 module(s)[39m
[32m[Nest] 543081  - [39m06/09/2026, 4:57:13 AM [32m    LOG[39m [38;5;3m[AssignmentService] [39m[32mAssignment asgn-3 (draft) created on lesson 44444444-4444-4444-4444-444444444444 by TEACHER 00000000-0000-0000-0000-000000000001 with 1 module(s)[39m
[32m[Nest] 543081  - [39m06/09/2026, 4:57:13 AM [32m    LOG[39m [38;5;3m[CatalogService] [39m[32mGroup 33333333-3333-3333-3333-333333333333: 1 module toggle(s) applied by TEACHER 00000000-0000-0000-0000-000000000001[39m
[32m[Nest] 543081  - [39m06/09/2026, 4:57:13 AM [32m    LOG[39m [38;5;3m[CatalogService] [39m[32mGroup 33333333-3333-3333-3333-333333333333: 1 module toggle(s) applied by TEACHER 00000000-0000-0000-0000-000000000001[39m
[32m[Nest] 543081  - [39m06/09/2026, 4:57:13 AM [32m    LOG[39m [38;5;3m[CatalogService] [39m[32mGroup 33333333-3333-3333-3333-333333333333: 1 module toggle(s) applied by TEACHER 00000000-0000-0000-0000-000000000001[39m
[32m[Nest] 543081  - [39m06/09/2026, 4:57:13 AM [32m    LOG[39m [38;5;3m[AssignmentService] [39m[32mAssignment asgn-1 (draft) created on lesson 44444444-4444-4444-4444-444444444444 by TEACHER 00000000-0000-0000-0000-000000000001 with 1 module(s)[39m
[32m[Nest] 543081  - [39m06/09/2026, 4:57:13 AM [32m    LOG[39m [38;5;3m[AssignmentService] [39m[32mAssignment asgn-2 (draft) created on lesson 44444444-4444-4444-4444-444444444444 by TEACHER 00000000-0000-0000-0000-000000000001 with 1 module(s)[39m
[32m[Nest] 543081  - [39m06/09/2026, 4:57:13 AM [32m    LOG[39m [38;5;3m[AssignmentService] [39m[32mAssignment asgn-3 (draft) created on lesson 44444444-4444-4444-4444-444444444444 by TEACHER 00000000-0000-0000-0000-000000000001 with 1 module(s)[39m
[32m[Nest] 543081  - [39m06/09/2026, 4:57:13 AM [32m    LOG[39m [38;5;3m[AssignmentService] [39m[32mAssignment asgn-4 (draft) created on lesson 44444444-4444-4444-4444-444444444444 by TEACHER 00000000-0000-0000-0000-000000000001 with 1 module(s)[39m
[32m[Nest] 543081  - [39m06/09/2026, 4:57:13 AM [32m    LOG[39m [38;5;3m[CatalogService] [39m[32mGroup 33333333-3333-3333-3333-333333333333: 1 module toggle(s) applied by TEACHER 00000000-0000-0000-0000-000000000001[39m
[32m[Nest] 543081  - [39m06/09/2026, 4:57:13 AM [32m    LOG[39m [38;5;3m[CatalogService] [39m[32mGroup 33333333-3333-3333-3333-333333333333: 1 module toggle(s) applied by TEACHER 00000000-0000-0000-0000-000000000001[39m
[32m[Nest] 543081  - [39m06/09/2026, 4:57:13 AM [32m    LOG[39m [38;5;3m[CatalogService] [39m[32mGroup 33333333-3333-3333-3333-333333333333: 1 module toggle(s) applied by TEACHER 00000000-0000-0000-0000-000000000001[39m
[32m[Nest] 543081  - [39m06/09/2026, 4:57:13 AM [32m    LOG[39m [38;5;3m[CatalogService] [39m[32mGroup 33333333-3333-3333-3333-333333333333: 1 module toggle(s) applied by TEACHER 00000000-0000-0000-0000-000000000001[39m
[32m[Nest] 543081  - [39m06/09/2026, 4:57:13 AM [32m    LOG[39m [38;5;3m[AssignmentService] [39m[32mAssignment asgn-1 (draft) created on lesson 44444444-4444-4444-4444-444444444444 by TEACHER 00000000-0000-0000-0000-000000000001 with 1 module(s)[39m
[32m[Nest] 543081  - [39m06/09/2026, 4:57:13 AM [32m    LOG[39m [38;5;3m[AssignmentService] [39m[32mAssignment asgn-2 (draft) created on lesson 44444444-4444-4444-4444-444444444444 by TEACHER 00000000-0000-0000-0000-000000000001 with 1 module(s)[39m
[32m[Nest] 543081  - [39m06/09/2026, 4:57:13 AM [32m    LOG[39m [38;5;3m[AssignmentService] [39m[32mAssignment asgn-3 (draft) created on lesson 44444444-4444-4444-4444-444444444444 by TEACHER 00000000-0000-0000-0000-000000000001 with 1 module(s)[39m
[32m[Nest] 543081  - [39m06/09/2026, 4:57:13 AM [32m    LOG[39m [38;5;3m[AssignmentService] [39m[32mAssignment asgn-4 (draft) created on lesson 44444444-4444-4444-4444-444444444444 by TEACHER 00000000-0000-0000-0000-000000000001 with 1 module(s)[39m
[32m[Nest] 543081  - [39m06/09/2026, 4:57:13 AM [32m    LOG[39m [38;5;3m[CatalogService] [39m[32mGroup 33333333-3333-3333-3333-333333333333: 1 module toggle(s) applied by TEACHER 00000000-0000-0000-0000-000000000001[39m
[32m[Nest] 543081  - [39m06/09/2026, 4:57:13 AM [32m    LOG[39m [38;5;3m[CatalogService] [39m[32mGroup 33333333-3333-3333-3333-333333333333: 1 module toggle(s) applied by TEACHER 00000000-0000-0000-0000-000000000001[39m
[32m[Nest] 543081  - [39m06/09/2026, 4:57:13 AM [32m    LOG[39m [38;5;3m[CatalogService] [39m[32mGroup 33333333-3333-3333-3333-333333333333: 1 module toggle(s) applied by TEACHER 00000000-0000-0000-0000-000000000001[39m
[32m[Nest] 543081  - [39m06/09/2026, 4:57:13 AM [32m    LOG[39m [38;5;3m[CatalogService] [39m[32mGroup 33333333-3333-3333-3333-333333333333: 1 module toggle(s) applied by TEACHER 00000000-0000-0000-0000-000000000001[39m
[32m[Nest] 543081  - [39m06/09/2026, 4:57:13 AM [32m    LOG[39m [38;5;3m[AssignmentService] [39m[32mAssignment asgn-1 (draft) created on lesson 44444444-4444-4444-4444-444444444444 by TEACHER 00000000-0000-0000-0000-000000000001 with 1 module(s)[39m
[32m[Nest] 543081  - [39m06/09/2026, 4:57:13 AM [32m    LOG[39m [38;5;3m[AssignmentService] [39m[32mAssignment asgn-2 (draft) created on lesson 44444444-4444-4444-4444-444444444444 by TEACHER 00000000-0000-0000-0000-000000000001 with 1 module(s)[39m
[32m[Nest] 543081  - [39m06/09/2026, 4:57:13 AM [32m    LOG[39m [38;5;3m[AssignmentService] [39m[32mAssignment asgn-3 (draft) created on lesson 44444444-4444-4444-4444-444444444444 by TEACHER 00000000-0000-0000-0000-000000000001 with 1 module(s)[39m
[32m[Nest] 543081  - [39m06/09/2026, 4:57:13 AM [32m    LOG[39m [38;5;3m[CatalogService] [39m[32mGroup 33333333-3333-3333-3333-333333333333: 1 module toggle(s) applied by TEACHER 00000000-0000-0000-0000-000000000001[39m
[32m[Nest] 543081  - [39m06/09/2026, 4:57:13 AM [32m    LOG[39m [38;5;3m[CatalogService] [39m[32mGroup 33333333-3333-3333-3333-333333333333: 1 module toggle(s) applied by TEACHER 00000000-0000-0000-0000-000000000001[39m
[32m[Nest] 543081  - [39m06/09/2026, 4:57:13 AM [32m    LOG[39m [38;5;3m[CatalogService] [39m[32mGroup 33333333-3333-3333-3333-333333333333: 1 module toggle(s) applied by TEACHER 00000000-0000-0000-0000-000000000001[39m
[32m[Nest] 543081  - [39m06/09/2026, 4:57:13 AM [32m    LOG[39m [38;5;3m[AssignmentService] [39m[32mAssignment asgn-1 (draft) created on lesson 44444444-4444-4444-4444-444444444444 by TEACHER 00000000-0000-0000-0000-000000000001 with 1 module(s)[39m
[32m[Nest] 543081  - [39m06/09/2026, 4:57:13 AM [32m    LOG[39m [38;5;3m[AssignmentService] [39m[32mAssignment asgn-2 (draft) created on lesson 44444444-4444-4444-4444-444444444444 by TEACHER 00000000-0000-0000-0000-000000000001 with 1 module(s)[39m
[32m[Nest] 543081  - [39m06/09/2026, 4:57:13 AM [32m    LOG[39m [38;5;3m[AssignmentService] [39m[32mAssignment asgn-3 (draft) created on lesson 44444444-4444-4444-4444-444444444444 by TEACHER 00000000-0000-0000-0000-000000000001 with 1 module(s)[39m
[32m[Nest] 543081  - [39m06/09/2026, 4:57:13 AM [32m    LOG[39m [38;5;3m[CatalogService] [39m[32mGroup 33333333-3333-3333-3333-333333333333: 1 module toggle(s) applied by TEACHER 00000000-0000-0000-0000-000000000001[39m
[32m[Nest] 543081  - [39m06/09/2026, 4:57:13 AM [32m    LOG[39m [38;5;3m[CatalogService] [39m[32mGroup 33333333-3333-3333-3333-333333333333: 1 module toggle(s) applied by TEACHER 00000000-0000-0000-0000-000000000001[39m
[32m[Nest] 543081  - [39m06/09/2026, 4:57:13 AM [32m    LOG[39m [38;5;3m[CatalogService] [39m[32mGroup 33333333-3333-3333-3333-333333333333: 1 module toggle(s) applied by TEACHER 00000000-0000-0000-0000-000000000001[39m
[32m[Nest] 543081  - [39m06/09/2026, 4:57:13 AM [32m    LOG[39m [38;5;3m[AssignmentService] [39m[32mAssignment asgn-1 (draft) created on lesson 44444444-4444-4444-4444-444444444444 by TEACHER 00000000-0000-0000-0000-000000000001 with 1 module(s)[39m
[32m[Nest] 543081  - [39m06/09/2026, 4:57:13 AM [32m    LOG[39m [38;5;3m[AssignmentService] [39m[32mAssignment asgn-2 (draft) created on lesson 44444444-4444-4444-4444-444444444444 by TEACHER 00000000-0000-0000-0000-000000000001 with 1 module(s)[39m
[32m[Nest] 543081  - [39m06/09/2026, 4:57:13 AM [32m    LOG[39m [38;5;3m[AssignmentService] [39m[32mAssignment asgn-3 (draft) created on lesson 44444444-4444-4444-4444-444444444444 by TEACHER 00000000-0000-0000-0000-000000000001 with 1 module(s)[39m
[32m[Nest] 543081  - [39m06/09/2026, 4:57:13 AM [32m    LOG[39m [38;5;3m[AssignmentService] [39m[32mAssignment asgn-4 (draft) created on lesson 44444444-4444-4444-4444-444444444444 by TEACHER 00000000-0000-0000-0000-000000000001 with 1 module(s)[39m
[32m[Nest] 543081  - [39m06/09/2026, 4:57:13 AM [32m    LOG[39m [38;5;3m[CatalogService] [39m[32mGroup 33333333-3333-3333-3333-333333333333: 1 module toggle(s) applied by TEACHER 00000000-0000-0000-0000-000000000001[39m
[32m[Nest] 543081  - [39m06/09/2026, 4:57:13 AM [32m    LOG[39m [38;5;3m[CatalogService] [39m[32mGroup 33333333-3333-3333-3333-333333333333: 1 module toggle(s) applied by TEACHER 00000000-0000-0000-0000-000000000001[39m
[32m[Nest] 543081  - [39m06/09/2026, 4:57:13 AM [32m    LOG[39m [38;5;3m[CatalogService] [39m[32mGroup 33333333-3333-3333-3333-333333333333: 1 module toggle(s) applied by TEACHER 00000000-0000-0000-0000-000000000001[39m
[32m[Nest] 543081  - [39m06/09/2026, 4:57:13 AM [32m    LOG[39m [38;5;3m[CatalogService] [39m[32mGroup 33333333-3333-3333-3333-333333333333: 1 module toggle(s) applied by TEACHER 00000000-0000-0000-0000-000000000001[39m
[32m[Nest] 543081  - [39m06/09/2026, 4:57:13 AM [32m    LOG[39m [38;5;3m[AssignmentService] [39m[32mAssignment asgn-1 (draft) created on lesson 44444444-4444-4444-4444-444444444444 by TEACHER 00000000-0000-0000-0000-000000000001 with 1 module(s)[39m
[32m[Nest] 543081  - [39m06/09/2026, 4:57:13 AM [32m    LOG[39m [38;5;3m[AssignmentService] [39m[32mAssignment asgn-2 (draft) created on lesson 44444444-4444-4444-4444-444444444444 by TEACHER 00000000-0000-0000-0000-000000000001 with 1 module(s)[39m
[32m[Nest] 543081  - [39m06/09/2026, 4:57:13 AM [32m    LOG[39m [38;5;3m[AssignmentService] [39m[32mAssignment asgn-3 (draft) created on lesson 44444444-4444-4444-4444-444444444444 by TEACHER 00000000-0000-0000-0000-000000000001 with 1 module(s)[39m
[32m[Nest] 543081  - [39m06/09/2026, 4:57:13 AM [32m    LOG[39m [38;5;3m[AssignmentService] [39m[32mAssignment asgn-4 (draft) created on lesson 44444444-4444-4444-4444-444444444444 by TEACHER 00000000-0000-0000-0000-000000000001 with 1 module(s)[39m
[32m[Nest] 543081  - [39m06/09/2026, 4:57:13 AM [32m    LOG[39m [38;5;3m[AssignmentService] [39m[32mAssignment asgn-5 (draft) created on lesson 44444444-4444-4444-4444-444444444444 by TEACHER 00000000-0000-0000-0000-000000000001 with 1 module(s)[39m
[32m[Nest] 543081  - [39m06/09/2026, 4:57:13 AM [32m    LOG[39m [38;5;3m[CatalogService] [39m[32mGroup 33333333-3333-3333-3333-333333333333: 1 module toggle(s) applied by TEACHER 00000000-0000-0000-0000-000000000001[39m
[32m[Nest] 543081  - [39m06/09/2026, 4:57:13 AM [32m    LOG[39m [38;5;3m[CatalogService] [39m[32mGroup 33333333-3333-3333-3333-333333333333: 1 module toggle(s) applied by TEACHER 00000000-0000-0000-0000-000000000001[39m
[32m[Nest] 543081  - [39m06/09/2026, 4:57:13 AM [32m    LOG[39m [38;5;3m[CatalogService] [39m[32mGroup 33333333-3333-3333-3333-333333333333: 1 module toggle(s) applied by TEACHER 00000000-0000-0000-0000-000000000001[39m
[32m[Nest] 543081  - [39m06/09/2026, 4:57:13 AM [32m    LOG[39m [38;5;3m[CatalogService] [39m[32mGroup 33333333-3333-3333-3333-333333333333: 1 module toggle(s) applied by TEACHER 00000000-0000-0000-0000-000000000001[39m
[32m[Nest] 543081  - [39m06/09/2026, 4:57:13 AM [32m    LOG[39m [38;5;3m[CatalogService] [39m[32mGroup 33333333-3333-3333-3333-333333333333: 1 module toggle(s) applied by TEACHER 00000000-0000-0000-0000-000000000001[39m
[32m[Nest] 543081  - [39m06/09/2026, 4:57:13 AM [32m    LOG[39m [38;5;3m[AssignmentService] [39m[32mAssignment asgn-1 (draft) created on lesson 44444444-4444-4444-4444-444444444444 by TEACHER 00000000-0000-0000-0000-000000000001 with 1 module(s)[39m
[32m[Nest] 543081  - [39m06/09/2026, 4:57:13 AM [32m    LOG[39m [38;5;3m[AssignmentService] [39m[32mAssignment asgn-2 (draft) created on lesson 44444444-4444-4444-4444-444444444444 by TEACHER 00000000-0000-0000-0000-000000000001 with 1 module(s)[39m
[32m[Nest] 543081  - [39m06/09/2026, 4:57:13 AM [32m    LOG[39m [38;5;3m[AssignmentService] [39m[32mAssignment asgn-3 (draft) created on lesson 44444444-4444-4444-4444-444444444444 by TEACHER 00000000-0000-0000-0000-000000000001 with 1 module(s)[39m
[32m[Nest] 543081  - [39m06/09/2026, 4:57:13 AM [32m    LOG[39m [38;5;3m[AssignmentService] [39m[32mAssignment asgn-4 (draft) created on lesson 44444444-4444-4444-4444-444444444444 by TEACHER 00000000-0000-0000-0000-000000000001 with 1 module(s)[39m
[32m[Nest] 543081  - [39m06/09/2026, 4:57:13 AM [32m    LOG[39m [38;5;3m[CatalogService] [39m[32mGroup 33333333-3333-3333-3333-333333333333: 1 module toggle(s) applied by TEACHER 00000000-0000-0000-0000-000000000001[39m
[32m[Nest] 543081  - [39m06/09/2026, 4:57:13 AM [32m    LOG[39m [38;5;3m[CatalogService] [39m[32mGroup 33333333-3333-3333-3333-333333333333: 1 module toggle(s) applied by TEACHER 00000000-0000-0000-0000-000000000001[39m
[32m[Nest] 543081  - [39m06/09/2026, 4:57:13 AM [32m    LOG[39m [38;5;3m[CatalogService] [39m[32mGroup 33333333-3333-3333-3333-333333333333: 1 module toggle(s) applied by TEACHER 00000000-0000-0000-0000-000000000001[39m
[32m[Nest] 543081  - [39m06/09/2026, 4:57:13 AM [32m    LOG[39m [38;5;3m[CatalogService] [39m[32mGroup 33333333-3333-3333-3333-333333333333: 1 module toggle(s) applied by TEACHER 00000000-0000-0000-0000-000000000001[39m
[32m[Nest] 543081  - [39m06/09/2026, 4:57:13 AM [32m    LOG[39m [38;5;3m[AssignmentService] [39m[32mAssignment asgn-1 (draft) created on lesson 44444444-4444-4444-4444-444444444444 by TEACHER 00000000-0000-0000-0000-000000000001 with 1 module(s)[39m
[32m[Nest] 543081  - [39m06/09/2026, 4:57:13 AM [32m    LOG[39m [38;5;3m[AssignmentService] [39m[32mAssignment asgn-2 (draft) created on lesson 44444444-4444-4444-4444-444444444444 by TEACHER 00000000-0000-0000-0000-000000000001 with 1 module(s)[39m
[32m[Nest] 543081  - [39m06/09/2026, 4:57:13 AM [32m    LOG[39m [38;5;3m[AssignmentService] [39m[32mAssignment asgn-3 (draft) created on lesson 44444444-4444-4444-4444-444444444444 by TEACHER 00000000-0000-0000-0000-000000000001 with 1 module(s)[39m
[32m[Nest] 543081  - [39m06/09/2026, 4:57:13 AM [32m    LOG[39m [38;5;3m[CatalogService] [39m[32mGroup 33333333-3333-3333-3333-333333333333: 1 module toggle(s) applied by TEACHER 00000000-0000-0000-0000-000000000001[39m
[32m[Nest] 543081  - [39m06/09/2026, 4:57:13 AM [32m    LOG[39m [38;5;3m[CatalogService] [39m[32mGroup 33333333-3333-3333-3333-333333333333: 1 module toggle(s) applied by TEACHER 00000000-0000-0000-0000-000000000001[39m
[32m[Nest] 543081  - [39m06/09/2026, 4:57:13 AM [32m    LOG[39m [38;5;3m[CatalogService] [39m[32mGroup 33333333-3333-3333-3333-333333333333: 1 module toggle(s) applied by TEACHER 00000000-0000-0000-0000-000000000001[39m
[32m[Nest] 543081  - [39m06/09/2026, 4:57:13 AM [32m    LOG[39m [38;5;3m[AssignmentService] [39m[32mAssignment asgn-1 (draft) created on lesson 44444444-4444-4444-4444-444444444444 by TEACHER 00000000-0000-0000-0000-000000000001 with 1 module(s)[39m
[32m[Nest] 543081  - [39m06/09/2026, 4:57:13 AM [32m    LOG[39m [38;5;3m[AssignmentService] [39m[32mAssignment asgn-2 (draft) created on lesson 44444444-4444-4444-4444-444444444444 by TEACHER 00000000-0000-0000-0000-000000000001 with 1 module(s)[39m
[32m[Nest] 543081  - [39m06/09/2026, 4:57:13 AM [32m    LOG[39m [38;5;3m[CatalogService] [39m[32mGroup 33333333-3333-3333-3333-333333333333: 1 module toggle(s) applied by TEACHER 00000000-0000-0000-0000-000000000001[39m
[32m[Nest] 543081  - [39m06/09/2026, 4:57:13 AM [32m    LOG[39m [38;5;3m[CatalogService] [39m[32mGroup 33333333-3333-3333-3333-333333333333: 1 module toggle(s) applied by TEACHER 00000000-0000-0000-0000-000000000001[39m
[32m[Nest] 543081  - [39m06/09/2026, 4:57:13 AM [32m    LOG[39m [38;5;3m[AssignmentService] [39m[32mAssignment asgn-1 (draft) created on lesson 44444444-4444-4444-4444-444444444444 by TEACHER 00000000-0000-0000-0000-000000000001 with 1 module(s)[39m
[32m[Nest] 543081  - [39m06/09/2026, 4:57:13 AM [32m    LOG[39m [38;5;3m[AssignmentService] [39m[32mAssignment asgn-2 (draft) created on lesson 44444444-4444-4444-4444-444444444444 by TEACHER 00000000-0000-0000-0000-000000000001 with 1 module(s)[39m
[32m[Nest] 543081  - [39m06/09/2026, 4:57:13 AM [32m    LOG[39m [38;5;3m[CatalogService] [39m[32mGroup 33333333-3333-3333-3333-333333333333: 1 module toggle(s) applied by TEACHER 00000000-0000-0000-0000-000000000001[39m
[32m[Nest] 543081  - [39m06/09/2026, 4:57:13 AM [32m    LOG[39m [38;5;3m[CatalogService] [39m[32mGroup 33333333-3333-3333-3333-333333333333: 1 module toggle(s) applied by TEACHER 00000000-0000-0000-0000-000000000001[39m
[32m[Nest] 543081  - [39m06/09/2026, 4:57:13 AM [32m    LOG[39m [38;5;3m[AssignmentService] [39m[32mAssignment asgn-1 (draft) created on lesson 44444444-4444-4444-4444-444444444444 by TEACHER 00000000-0000-0000-0000-000000000001 with 1 module(s)[39m
[32m[Nest] 543081  - [39m06/09/2026, 4:57:13 AM [32m    LOG[39m [38;5;3m[AssignmentService] [39m[32mAssignment asgn-2 (draft) created on lesson 44444444-4444-4444-4444-444444444444 by TEACHER 00000000-0000-0000-0000-000000000001 with 1 module(s)[39m
[32m[Nest] 543081  - [39m06/09/2026, 4:57:13 AM [32m    LOG[39m [38;5;3m[AssignmentService] [39m[32mAssignment asgn-3 (draft) created on lesson 44444444-4444-4444-4444-444444444444 by TEACHER 00000000-0000-0000-0000-000000000001 with 1 module(s)[39m
[32m[Nest] 543081  - [39m06/09/2026, 4:57:13 AM [32m    LOG[39m [38;5;3m[AssignmentService] [39m[32mAssignment asgn-4 (draft) created on lesson 44444444-4444-4444-4444-444444444444 by TEACHER 00000000-0000-0000-0000-000000000001 with 1 module(s)[39m
[32m[Nest] 543081  - [39m06/09/2026, 4:57:13 AM [32m    LOG[39m [38;5;3m[CatalogService] [39m[32mGroup 33333333-3333-3333-3333-333333333333: 1 module toggle(s) applied by TEACHER 00000000-0000-0000-0000-000000000001[39m
[32m[Nest] 543081  - [39m06/09/2026, 4:57:13 AM [32m    LOG[39m [38;5;3m[CatalogService] [39m[32mGroup 33333333-3333-3333-3333-333333333333: 1 module toggle(s) applied by TEACHER 00000000-0000-0000-0000-000000000001[39m
[32m[Nest] 543081  - [39m06/09/2026, 4:57:13 AM [32m    LOG[39m [38;5;3m[CatalogService] [39m[32mGroup 33333333-3333-3333-3333-333333333333: 1 module toggle(s) applied by TEACHER 00000000-0000-0000-0000-000000000001[39m
[32m[Nest] 543081  - [39m06/09/2026, 4:57:13 AM [32m    LOG[39m [38;5;3m[CatalogService] [39m[32mGroup 33333333-3333-3333-3333-333333333333: 1 module toggle(s) applied by TEACHER 00000000-0000-0000-0000-000000000001[39m
[32m[Nest] 543081  - [39m06/09/2026, 4:57:13 AM [32m    LOG[39m [38;5;3m[AssignmentService] [39m[32mAssignment asgn-1 (draft) created on lesson 44444444-4444-4444-4444-444444444444 by TEACHER 00000000-0000-0000-0000-000000000001 with 1 module(s)[39m
[32m[Nest] 543081  - [39m06/09/2026, 4:57:13 AM [32m    LOG[39m [38;5;3m[AssignmentService] [39m[32mAssignment asgn-2 (draft) created on lesson 44444444-4444-4444-4444-444444444444 by TEACHER 00000000-0000-0000-0000-000000000001 with 1 module(s)[39m
[32m[Nest] 543081  - [39m06/09/2026, 4:57:13 AM [32m    LOG[39m [38;5;3m[CatalogService] [39m[32mGroup 33333333-3333-3333-3333-333333333333: 1 module toggle(s) applied by TEACHER 00000000-0000-0000-0000-000000000001[39m
[32m[Nest] 543081  - [39m06/09/2026, 4:57:13 AM [32m    LOG[39m [38;5;3m[CatalogService] [39m[32mGroup 33333333-3333-3333-3333-333333333333: 1 module toggle(s) applied by TEACHER 00000000-0000-0000-0000-000000000001[39m
[32m[Nest] 543081  - [39m06/09/2026, 4:57:13 AM [32m    LOG[39m [38;5;3m[AssignmentService] [39m[32mAssignment asgn-1 (draft) created on lesson 44444444-4444-4444-4444-444444444444 by TEACHER 00000000-0000-0000-0000-000000000001 with 1 module(s)[39m
[32m[Nest] 543081  - [39m06/09/2026, 4:57:13 AM [32m    LOG[39m [38;5;3m[AssignmentService] [39m[32mAssignment asgn-2 (draft) created on lesson 44444444-4444-4444-4444-444444444444 by TEACHER 00000000-0000-0000-0000-000000000001 with 1 module(s)[39m
[32m[Nest] 543081  - [39m06/09/2026, 4:57:13 AM [32m    LOG[39m [38;5;3m[AssignmentService] [39m[32mAssignment asgn-3 (draft) created on lesson 44444444-4444-4444-4444-444444444444 by TEACHER 00000000-0000-0000-0000-000000000001 with 1 module(s)[39m
[32m[Nest] 543081  - [39m06/09/2026, 4:57:13 AM [32m    LOG[39m [38;5;3m[AssignmentService] [39m[32mAssignment asgn-4 (draft) created on lesson 44444444-4444-4444-4444-444444444444 by TEACHER 00000000-0000-0000-0000-000000000001 with 1 module(s)[39m
[32m[Nest] 543081  - [39m06/09/2026, 4:57:13 AM [32m    LOG[39m [38;5;3m[AssignmentService] [39m[32mAssignment asgn-5 (draft) created on lesson 44444444-4444-4444-4444-444444444444 by TEACHER 00000000-0000-0000-0000-000000000001 with 1 module(s)[39m
[32m[Nest] 543081  - [39m06/09/2026, 4:57:13 AM [32m    LOG[39m [38;5;3m[CatalogService] [39m[32mGroup 33333333-3333-3333-3333-333333333333: 1 module toggle(s) applied by TEACHER 00000000-0000-0000-0000-000000000001[39m
[32m[Nest] 543081  - [39m06/09/2026, 4:57:13 AM [32m    LOG[39m [38;5;3m[CatalogService] [39m[32mGroup 33333333-3333-3333-3333-333333333333: 1 module toggle(s) applied by TEACHER 00000000-0000-0000-0000-000000000001[39m
[32m[Nest] 543081  - [39m06/09/2026, 4:57:13 AM [32m    LOG[39m [38;5;3m[CatalogService] [39m[32mGroup 33333333-3333-3333-3333-333333333333: 1 module toggle(s) applied by TEACHER 00000000-0000-0000-0000-000000000001[39m
[32m[Nest] 543081  - [39m06/09/2026, 4:57:13 AM [32m    LOG[39m [38;5;3m[CatalogService] [39m[32mGroup 33333333-3333-3333-3333-333333333333: 1 module toggle(s) applied by TEACHER 00000000-0000-0000-0000-000000000001[39m
[32m[Nest] 543081  - [39m06/09/2026, 4:57:13 AM [32m    LOG[39m [38;5;3m[CatalogService] [39m[32mGroup 33333333-3333-3333-3333-333333333333: 1 module toggle(s) applied by TEACHER 00000000-0000-0000-0000-000000000001[39m
[32m[Nest] 543081  - [39m06/09/2026, 4:57:13 AM [32m    LOG[39m [38;5;3m[AssignmentService] [39m[32mAssignment asgn-1 (draft) created on lesson 44444444-4444-4444-4444-444444444444 by TEACHER 00000000-0000-0000-0000-000000000001 with 1 module(s)[39m
[32m[Nest] 543081  - [39m06/09/2026, 4:57:13 AM [32m    LOG[39m [38;5;3m[AssignmentService] [39m[32mAssignment asgn-2 (draft) created on lesson 44444444-4444-4444-4444-444444444444 by TEACHER 00000000-0000-0000-0000-000000000001 with 1 module(s)[39m
[32m[Nest] 543081  - [39m06/09/2026, 4:57:13 AM [32m    LOG[39m [38;5;3m[AssignmentService] [39m[32mAssignment asgn-3 (draft) created on lesson 44444444-4444-4444-4444-444444444444 by TEACHER 00000000-0000-0000-0000-000000000001 with 1 module(s)[39m
[32m[Nest] 543081  - [39m06/09/2026, 4:57:13 AM [32m    LOG[39m [38;5;3m[CatalogService] [39m[32mGroup 33333333-3333-3333-3333-333333333333: 1 module toggle(s) applied by TEACHER 00000000-0000-0000-0000-000000000001[39m
[32m[Nest] 543081  - [39m06/09/2026, 4:57:13 AM [32m    LOG[39m [38;5;3m[CatalogService] [39m[32mGroup 33333333-3333-3333-3333-333333333333: 1 module toggle(s) applied by TEACHER 00000000-0000-0000-0000-000000000001[39m
[32m[Nest] 543081  - [39m06/09/2026, 4:57:13 AM [32m    LOG[39m [38;5;3m[CatalogService] [39m[32mGroup 33333333-3333-3333-3333-333333333333: 1 module toggle(s) applied by TEACHER 00000000-0000-0000-0000-000000000001[39m
[32m[Nest] 543081  - [39m06/09/2026, 4:57:13 AM [32m    LOG[39m [38;5;3m[AssignmentService] [39m[32mAssignment asgn-1 (draft) created on lesson 44444444-4444-4444-4444-444444444444 by TEACHER 00000000-0000-0000-0000-000000000001 with 1 module(s)[39m
[32m[Nest] 543081  - [39m06/09/2026, 4:57:13 AM [32m    LOG[39m [38;5;3m[AssignmentService] [39m[32mAssignment asgn-2 (draft) created on lesson 44444444-4444-4444-4444-444444444444 by TEACHER 00000000-0000-0000-0000-000000000001 with 1 module(s)[39m
[32m[Nest] 543081  - [39m06/09/2026, 4:57:13 AM [32m    LOG[39m [38;5;3m[AssignmentService] [39m[32mAssignment asgn-3 (draft) created on lesson 44444444-4444-4444-4444-444444444444 by TEACHER 00000000-0000-0000-0000-000000000001 with 1 module(s)[39m
[32m[Nest] 543081  - [39m06/09/2026, 4:57:13 AM [32m    LOG[39m [38;5;3m[AssignmentService] [39m[32mAssignment asgn-4 (draft) created on lesson 44444444-4444-4444-4444-444444444444 by TEACHER 00000000-0000-0000-0000-000000000001 with 1 module(s)[39m
[32m[Nest] 543081  - [39m06/09/2026, 4:57:13 AM [32m    LOG[39m [38;5;3m[AssignmentService] [39m[32mAssignment asgn-5 (draft) created on lesson 44444444-4444-4444-4444-444444444444 by TEACHER 00000000-0000-0000-0000-000000000001 with 1 module(s)[39m
[32m[Nest] 543081  - [39m06/09/2026, 4:57:13 AM [32m    LOG[39m [38;5;3m[CatalogService] [39m[32mGroup 33333333-3333-3333-3333-333333333333: 1 module toggle(s) applied by TEACHER 00000000-0000-0000-0000-000000000001[39m
[32m[Nest] 543081  - [39m06/09/2026, 4:57:13 AM [32m    LOG[39m [38;5;3m[CatalogService] [39m[32mGroup 33333333-3333-3333-3333-333333333333: 1 module toggle(s) applied by TEACHER 00000000-0000-0000-0000-000000000001[39m
[32m[Nest] 543081  - [39m06/09/2026, 4:57:13 AM [32m    LOG[39m [38;5;3m[CatalogService] [39m[32mGroup 33333333-3333-3333-3333-333333333333: 1 module toggle(s) applied by TEACHER 00000000-0000-0000-0000-000000000001[39m
[32m[Nest] 543081  - [39m06/09/2026, 4:57:13 AM [32m    LOG[39m [38;5;3m[CatalogService] [39m[32mGroup 33333333-3333-3333-3333-333333333333: 1 module toggle(s) applied by TEACHER 00000000-0000-0000-0000-000000000001[39m
[32m[Nest] 543081  - [39m06/09/2026, 4:57:13 AM [32m    LOG[39m [38;5;3m[CatalogService] [39m[32mGroup 33333333-3333-3333-3333-333333333333: 1 module toggle(s) applied by TEACHER 00000000-0000-0000-0000-000000000001[39m
[32m[Nest] 543081  - [39m06/09/2026, 4:57:13 AM [32m    LOG[39m [38;5;3m[AssignmentService] [39m[32mAssignment asgn-1 (draft) created on lesson 44444444-4444-4444-4444-444444444444 by TEACHER 00000000-0000-0000-0000-000000000001 with 1 module(s)[39m
[32m[Nest] 543081  - [39m06/09/2026, 4:57:13 AM [32m    LOG[39m [38;5;3m[AssignmentService] [39m[32mAssignment asgn-2 (draft) created on lesson 44444444-4444-4444-4444-444444444444 by TEACHER 00000000-0000-0000-0000-000000000001 with 1 module(s)[39m
[32m[Nest] 543081  - [39m06/09/2026, 4:57:13 AM [32m    LOG[39m [38;5;3m[AssignmentService] [39m[32mAssignment asgn-3 (draft) created on lesson 44444444-4444-4444-4444-444444444444 by TEACHER 00000000-0000-0000-0000-000000000001 with 1 module(s)[39m
[32m[Nest] 543081  - [39m06/09/2026, 4:57:13 AM [32m    LOG[39m [38;5;3m[AssignmentService] [39m[32mAssignment asgn-4 (draft) created on lesson 44444444-4444-4444-4444-444444444444 by TEACHER 00000000-0000-0000-0000-000000000001 with 1 module(s)[39m
[32m[Nest] 543081  - [39m06/09/2026, 4:57:13 AM [32m    LOG[39m [38;5;3m[AssignmentService] [39m[32mAssignment asgn-5 (draft) created on lesson 44444444-4444-4444-4444-444444444444 by TEACHER 00000000-0000-0000-0000-000000000001 with 1 module(s)[39m
[32m[Nest] 543081  - [39m06/09/2026, 4:57:13 AM [32m    LOG[39m [38;5;3m[CatalogService] [39m[32mGroup 33333333-3333-3333-3333-333333333333: 1 module toggle(s) applied by TEACHER 00000000-0000-0000-0000-000000000001[39m
[32m[Nest] 543081  - [39m06/09/2026, 4:57:13 AM [32m    LOG[39m [38;5;3m[CatalogService] [39m[32mGroup 33333333-3333-3333-3333-333333333333: 1 module toggle(s) applied by TEACHER 00000000-0000-0000-0000-000000000001[39m
[32m[Nest] 543081  - [39m06/09/2026, 4:57:13 AM [32m    LOG[39m [38;5;3m[CatalogService] [39m[32mGroup 33333333-3333-3333-3333-333333333333: 1 module toggle(s) applied by TEACHER 00000000-0000-0000-0000-000000000001[39m
[32m[Nest] 543081  - [39m06/09/2026, 4:57:13 AM [32m    LOG[39m [38;5;3m[CatalogService] [39m[32mGroup 33333333-3333-3333-3333-333333333333: 1 module toggle(s) applied by TEACHER 00000000-0000-0000-0000-000000000001[39m
[32m[Nest] 543081  - [39m06/09/2026, 4:57:13 AM [32m    LOG[39m [38;5;3m[CatalogService] [39m[32mGroup 33333333-3333-3333-3333-333333333333: 1 module toggle(s) applied by TEACHER 00000000-0000-0000-0000-000000000001[39m
[32m[Nest] 543081  - [39m06/09/2026, 4:57:13 AM [32m    LOG[39m [38;5;3m[AssignmentService] [39m[32mAssignment asgn-1 (draft) created on lesson 44444444-4444-4444-4444-444444444444 by TEACHER 00000000-0000-0000-0000-000000000001 with 1 module(s)[39m
[32m[Nest] 543081  - [39m06/09/2026, 4:57:13 AM [32m    LOG[39m [38;5;3m[AssignmentService] [39m[32mAssignment asgn-2 (draft) created on lesson 44444444-4444-4444-4444-444444444444 by TEACHER 00000000-0000-0000-0000-000000000001 with 1 module(s)[39m
[32m[Nest] 543081  - [39m06/09/2026, 4:57:13 AM [32m    LOG[39m [38;5;3m[CatalogService] [39m[32mGroup 33333333-3333-3333-3333-333333333333: 1 module toggle(s) applied by TEACHER 00000000-0000-0000-0000-000000000001[39m
[32m[Nest] 543081  - [39m06/09/2026, 4:57:13 AM [32m    LOG[39m [38;5;3m[CatalogService] [39m[32mGroup 33333333-3333-3333-3333-333333333333: 1 module toggle(s) applied by TEACHER 00000000-0000-0000-0000-000000000001[39m
[32m[Nest] 543081  - [39m06/09/2026, 4:57:13 AM [32m    LOG[39m [38;5;3m[AssignmentService] [39m[32mAssignment asgn-1 (draft) created on lesson 44444444-4444-4444-4444-444444444444 by TEACHER 00000000-0000-0000-0000-000000000001 with 1 module(s)[39m
[32m[Nest] 543081  - [39m06/09/2026, 4:57:13 AM [32m    LOG[39m [38;5;3m[AssignmentService] [39m[32mAssignment asgn-2 (draft) created on lesson 44444444-4444-4444-4444-444444444444 by TEACHER 00000000-0000-0000-0000-000000000001 with 1 module(s)[39m
[32m[Nest] 543081  - [39m06/09/2026, 4:57:13 AM [32m    LOG[39m [38;5;3m[AssignmentService] [39m[32mAssignment asgn-3 (draft) created on lesson 44444444-4444-4444-4444-444444444444 by TEACHER 00000000-0000-0000-0000-000000000001 with 1 module(s)[39m
[32m[Nest] 543081  - [39m06/09/2026, 4:57:13 AM [32m    LOG[39m [38;5;3m[CatalogService] [39m[32mGroup 33333333-3333-3333-3333-333333333333: 1 module toggle(s) applied by TEACHER 00000000-0000-0000-0000-000000000001[39m
[32m[Nest] 543081  - [39m06/09/2026, 4:57:13 AM [32m    LOG[39m [38;5;3m[CatalogService] [39m[32mGroup 33333333-3333-3333-3333-333333333333: 1 module toggle(s) applied by TEACHER 00000000-0000-0000-0000-000000000001[39m
[32m[Nest] 543081  - [39m06/09/2026, 4:57:13 AM [32m    LOG[39m [38;5;3m[CatalogService] [39m[32mGroup 33333333-3333-3333-3333-333333333333: 1 module toggle(s) applied by TEACHER 00000000-0000-0000-0000-000000000001[39m
[32m[Nest] 543081  - [39m06/09/2026, 4:57:13 AM [32m    LOG[39m [38;5;3m[AssignmentService] [39m[32mAssignment asgn-1 (draft) created on lesson 44444444-4444-4444-4444-444444444444 by TEACHER 00000000-0000-0000-0000-000000000001 with 1 module(s)[39m
[32m[Nest] 543081  - [39m06/09/2026, 4:57:13 AM [32m    LOG[39m [38;5;3m[AssignmentService] [39m[32mAssignment asgn-2 (draft) created on lesson 44444444-4444-4444-4444-444444444444 by TEACHER 00000000-0000-0000-0000-000000000001 with 1 module(s)[39m
[32m[Nest] 543081  - [39m06/09/2026, 4:57:13 AM [32m    LOG[39m [38;5;3m[AssignmentService] [39m[32mAssignment asgn-3 (draft) created on lesson 44444444-4444-4444-4444-444444444444 by TEACHER 00000000-0000-0000-0000-000000000001 with 1 module(s)[39m
[32m[Nest] 543081  - [39m06/09/2026, 4:57:13 AM [32m    LOG[39m [38;5;3m[AssignmentService] [39m[32mAssignment asgn-4 (draft) created on lesson 44444444-4444-4444-4444-444444444444 by TEACHER 00000000-0000-0000-0000-000000000001 with 1 module(s)[39m
[32m[Nest] 543081  - [39m06/09/2026, 4:57:13 AM [32m    LOG[39m [38;5;3m[AssignmentService] [39m[32mAssignment asgn-5 (draft) created on lesson 44444444-4444-4444-4444-444444444444 by TEACHER 00000000-0000-0000-0000-000000000001 with 1 module(s)[39m
[32m[Nest] 543081  - [39m06/09/2026, 4:57:13 AM [32m    LOG[39m [38;5;3m[CatalogService] [39m[32mGroup 33333333-3333-3333-3333-333333333333: 1 module toggle(s) applied by TEACHER 00000000-0000-0000-0000-000000000001[39m
[32m[Nest] 543081  - [39m06/09/2026, 4:57:13 AM [32m    LOG[39m [38;5;3m[CatalogService] [39m[32mGroup 33333333-3333-3333-3333-333333333333: 1 module toggle(s) applied by TEACHER 00000000-0000-0000-0000-000000000001[39m
[32m[Nest] 543081  - [39m06/09/2026, 4:57:13 AM [32m    LOG[39m [38;5;3m[CatalogService] [39m[32mGroup 33333333-3333-3333-3333-333333333333: 1 module toggle(s) applied by TEACHER 00000000-0000-0000-0000-000000000001[39m
[32m[Nest] 543081  - [39m06/09/2026, 4:57:13 AM [32m    LOG[39m [38;5;3m[CatalogService] [39m[32mGroup 33333333-3333-3333-3333-333333333333: 1 module toggle(s) applied by TEACHER 00000000-0000-0000-0000-000000000001[39m
[32m[Nest] 543081  - [39m06/09/2026, 4:57:13 AM [32m    LOG[39m [38;5;3m[CatalogService] [39m[32mGroup 33333333-3333-3333-3333-333333333333: 1 module toggle(s) applied by TEACHER 00000000-0000-0000-0000-000000000001[39m
[32m[Nest] 543081  - [39m06/09/2026, 4:57:13 AM [32m    LOG[39m [38;5;3m[AssignmentService] [39m[32mAssignment asgn-1 (draft) created on lesson 44444444-4444-4444-4444-444444444444 by TEACHER 00000000-0000-0000-0000-000000000001 with 1 module(s)[39m
[32m[Nest] 543081  - [39m06/09/2026, 4:57:13 AM [32m    LOG[39m [38;5;3m[AssignmentService] [39m[32mAssignment asgn-2 (draft) created on lesson 44444444-4444-4444-4444-444444444444 by TEACHER 00000000-0000-0000-0000-000000000001 with 1 module(s)[39m
[32m[Nest] 543081  - [39m06/09/2026, 4:57:13 AM [32m    LOG[39m [38;5;3m[AssignmentService] [39m[32mAssignment asgn-3 (draft) created on lesson 44444444-4444-4444-4444-444444444444 by TEACHER 00000000-0000-0000-0000-000000000001 with 1 module(s)[39m
[32m[Nest] 543081  - [39m06/09/2026, 4:57:13 AM [32m    LOG[39m [38;5;3m[AssignmentService] [39m[32mAssignment asgn-4 (draft) created on lesson 44444444-4444-4444-4444-444444444444 by TEACHER 00000000-0000-0000-0000-000000000001 with 1 module(s)[39m
[32m[Nest] 543081  - [39m06/09/2026, 4:57:13 AM [32m    LOG[39m [38;5;3m[CatalogService] [39m[32mGroup 33333333-3333-3333-3333-333333333333: 1 module toggle(s) applied by TEACHER 00000000-0000-0000-0000-000000000001[39m
[32m[Nest] 543081  - [39m06/09/2026, 4:57:13 AM [32m    LOG[39m [38;5;3m[CatalogService] [39m[32mGroup 33333333-3333-3333-3333-333333333333: 1 module toggle(s) applied by TEACHER 00000000-0000-0000-0000-000000000001[39m
[32m[Nest] 543081  - [39m06/09/2026, 4:57:13 AM [32m    LOG[39m [38;5;3m[CatalogService] [39m[32mGroup 33333333-3333-3333-3333-333333333333: 1 module toggle(s) applied by TEACHER 00000000-0000-0000-0000-000000000001[39m
[32m[Nest] 543081  - [39m06/09/2026, 4:57:13 AM [32m    LOG[39m [38;5;3m[CatalogService] [39m[32mGroup 33333333-3333-3333-3333-333333333333: 1 module toggle(s) applied by TEACHER 00000000-0000-0000-0000-000000000001[39m
[32m[Nest] 543081  - [39m06/09/2026, 4:57:13 AM [32m    LOG[39m [38;5;3m[AssignmentService] [39m[32mAssignment asgn-1 (draft) created on lesson 44444444-4444-4444-4444-444444444444 by TEACHER 00000000-0000-0000-0000-000000000001 with 1 module(s)[39m
[32m[Nest] 543081  - [39m06/09/2026, 4:57:13 AM [32m    LOG[39m [38;5;3m[AssignmentService] [39m[32mAssignment asgn-2 (draft) created on lesson 44444444-4444-4444-4444-444444444444 by TEACHER 00000000-0000-0000-0000-000000000001 with 1 module(s)[39m
[32m[Nest] 543081  - [39m06/09/2026, 4:57:13 AM [32m    LOG[39m [38;5;3m[AssignmentService] [39m[32mAssignment asgn-3 (draft) created on lesson 44444444-4444-4444-4444-444444444444 by TEACHER 00000000-0000-0000-0000-000000000001 with 1 module(s)[39m
[32m[Nest] 543081  - [39m06/09/2026, 4:57:13 AM [32m    LOG[39m [38;5;3m[AssignmentService] [39m[32mAssignment asgn-4 (draft) created on lesson 44444444-4444-4444-4444-444444444444 by TEACHER 00000000-0000-0000-0000-000000000001 with 1 module(s)[39m
[32m[Nest] 543081  - [39m06/09/2026, 4:57:13 AM [32m    LOG[39m [38;5;3m[AssignmentService] [39m[32mAssignment asgn-5 (draft) created on lesson 44444444-4444-4444-4444-444444444444 by TEACHER 00000000-0000-0000-0000-000000000001 with 1 module(s)[39m
[32m[Nest] 543081  - [39m06/09/2026, 4:57:13 AM [32m    LOG[39m [38;5;3m[CatalogService] [39m[32mGroup 33333333-3333-3333-3333-333333333333: 1 module toggle(s) applied by TEACHER 00000000-0000-0000-0000-000000000001[39m
[32m[Nest] 543081  - [39m06/09/2026, 4:57:13 AM [32m    LOG[39m [38;5;3m[CatalogService] [39m[32mGroup 33333333-3333-3333-3333-333333333333: 1 module toggle(s) applied by TEACHER 00000000-0000-0000-0000-000000000001[39m
[32m[Nest] 543081  - [39m06/09/2026, 4:57:13 AM [32m    LOG[39m [38;5;3m[CatalogService] [39m[32mGroup 33333333-3333-3333-3333-333333333333: 1 module toggle(s) applied by TEACHER 00000000-0000-0000-0000-000000000001[39m
[32m[Nest] 543081  - [39m06/09/2026, 4:57:13 AM [32m    LOG[39m [38;5;3m[CatalogService] [39m[32mGroup 33333333-3333-3333-3333-333333333333: 1 module toggle(s) applied by TEACHER 00000000-0000-0000-0000-000000000001[39m
[32m[Nest] 543081  - [39m06/09/2026, 4:57:13 AM [32m    LOG[39m [38;5;3m[CatalogService] [39m[32mGroup 33333333-3333-3333-3333-333333333333: 1 module toggle(s) applied by TEACHER 00000000-0000-0000-0000-000000000001[39m
[32m[Nest] 543081  - [39m06/09/2026, 4:57:13 AM [32m    LOG[39m [38;5;3m[AssignmentService] [39m[32mAssignment asgn-1 (draft) created on lesson 44444444-4444-4444-4444-444444444444 by TEACHER 00000000-0000-0000-0000-000000000001 with 1 module(s)[39m
[32m[Nest] 543081  - [39m06/09/2026, 4:57:13 AM [32m    LOG[39m [38;5;3m[AssignmentService] [39m[32mAssignment asgn-2 (draft) created on lesson 44444444-4444-4444-4444-444444444444 by TEACHER 00000000-0000-0000-0000-000000000001 with 1 module(s)[39m
[32m[Nest] 543081  - [39m06/09/2026, 4:57:13 AM [32m    LOG[39m [38;5;3m[CatalogService] [39m[32mGroup 33333333-3333-3333-3333-333333333333: 1 module toggle(s) applied by TEACHER 00000000-0000-0000-0000-000000000001[39m
[32m[Nest] 543081  - [39m06/09/2026, 4:57:13 AM [32m    LOG[39m [38;5;3m[CatalogService] [39m[32mGroup 33333333-3333-3333-3333-333333333333: 1 module toggle(s) applied by TEACHER 00000000-0000-0000-0000-000000000001[39m
[32m[Nest] 543050  - [39m06/09/2026, 4:57:13 AM [32m    LOG[39m [38;5;3m[SubmissionService] [39m[32mSubmission 66666666-6666-6666-6666-666666666666 → SUBMITTED (teacher=11111111-1111-1111-1111-111111111111 student=bbbbbbbb-bbbb-bbbb-bbbb-bbbbbbbbbbbb)[39m
[32m[Nest] 543081  - [39m06/09/2026, 4:57:13 AM [32m    LOG[39m [38;5;3m[AssignmentService] [39m[32mAssignment asgn-1 (draft) created on lesson 44444444-4444-4444-4444-444444444444 by TEACHER 00000000-0000-0000-0000-000000000001 with 1 module(s)[39m
[32m[Nest] 543081  - [39m06/09/2026, 4:57:13 AM [32m    LOG[39m [38;5;3m[AssignmentService] [39m[32mAssignment asgn-2 (draft) created on lesson 44444444-4444-4444-4444-444444444444 by TEACHER 00000000-0000-0000-0000-000000000001 with 1 module(s)[39m
[32m[Nest] 543081  - [39m06/09/2026, 4:57:13 AM [32m    LOG[39m [38;5;3m[AssignmentService] [39m[32mAssignment asgn-3 (draft) created on lesson 44444444-4444-4444-4444-444444444444 by TEACHER 00000000-0000-0000-0000-000000000001 with 1 module(s)[39m
[32m[Nest] 543081  - [39m06/09/2026, 4:57:13 AM [32m    LOG[39m [38;5;3m[AssignmentService] [39m[32mAssignment asgn-4 (draft) created on lesson 44444444-4444-4444-4444-444444444444 by TEACHER 00000000-0000-0000-0000-000000000001 with 1 module(s)[39m
[32m[Nest] 543081  - [39m06/09/2026, 4:57:13 AM [32m    LOG[39m [38;5;3m[AssignmentService] [39m[32mAssignment asgn-5 (draft) created on lesson 44444444-4444-4444-4444-444444444444 by TEACHER 00000000-0000-0000-0000-000000000001 with 1 module(s)[39m
[32m[Nest] 543081  - [39m06/09/2026, 4:57:13 AM [32m    LOG[39m [38;5;3m[CatalogService] [39m[32mGroup 33333333-3333-3333-3333-333333333333: 1 module toggle(s) applied by TEACHER 00000000-0000-0000-0000-000000000001[39m
[32m[Nest] 543081  - [39m06/09/2026, 4:57:13 AM [32m    LOG[39m [38;5;3m[CatalogService] [39m[32mGroup 33333333-3333-3333-3333-333333333333: 1 module toggle(s) applied by TEACHER 00000000-0000-0000-0000-000000000001[39m
[32m[Nest] 543081  - [39m06/09/2026, 4:57:13 AM [32m    LOG[39m [38;5;3m[CatalogService] [39m[32mGroup 33333333-3333-3333-3333-333333333333: 1 module toggle(s) applied by TEACHER 00000000-0000-0000-0000-000000000001[39m
[32m[Nest] 543081  - [39m06/09/2026, 4:57:13 AM [32m    LOG[39m [38;5;3m[CatalogService] [39m[32mGroup 33333333-3333-3333-3333-333333333333: 1 module toggle(s) applied by TEACHER 00000000-0000-0000-0000-000000000001[39m
[32m[Nest] 543081  - [39m06/09/2026, 4:57:13 AM [32m    LOG[39m [38;5;3m[CatalogService] [39m[32mGroup 33333333-3333-3333-3333-333333333333: 1 module toggle(s) applied by TEACHER 00000000-0000-0000-0000-000000000001[39m
[32m[Nest] 543050  - [39m06/09/2026, 4:57:13 AM [32m    LOG[39m [38;5;3m[SubmissionService] [39m[32mSubmission 66666666-6666-6666-6666-666666666666 → GRADED score=85/100 by teacher 11111111-1111-1111-1111-111111111111[39m
[32m[Nest] 543081  - [39m06/09/2026, 4:57:13 AM [32m    LOG[39m [38;5;3m[AssignmentService] [39m[32mAssignment asgn-1 (draft) created on lesson 44444444-4444-4444-4444-444444444444 by TEACHER 00000000-0000-0000-0000-000000000001 with 1 module(s)[39m
[32m[Nest] 543081  - [39m06/09/2026, 4:57:13 AM [32m    LOG[39m [38;5;3m[AssignmentService] [39m[32mAssignment asgn-2 (draft) created on lesson 44444444-4444-4444-4444-444444444444 by TEACHER 00000000-0000-0000-0000-000000000001 with 1 module(s)[39m
[32m[Nest] 543081  - [39m06/09/2026, 4:57:13 AM [32m    LOG[39m [38;5;3m[CatalogService] [39m[32mGroup 33333333-3333-3333-3333-333333333333: 1 module toggle(s) applied by TEACHER 00000000-0000-0000-0000-000000000001[39m
[32m[Nest] 543081  - [39m06/09/2026, 4:57:13 AM [32m    LOG[39m [38;5;3m[CatalogService] [39m[32mGroup 33333333-3333-3333-3333-333333333333: 1 module toggle(s) applied by TEACHER 00000000-0000-0000-0000-000000000001[39m
[32m[Nest] 543050  - [39m06/09/2026, 4:57:13 AM [32m    LOG[39m [38;5;3m[SubmissionService] [39m[32mSubmission 66666666-6666-6666-6666-666666666666 → GRADED score=90/100 by teacher 11111111-1111-1111-1111-111111111111[39m
[32m[Nest] 543081  - [39m06/09/2026, 4:57:13 AM [32m    LOG[39m [38;5;3m[AssignmentService] [39m[32mAssignment asgn-1 (draft) created on lesson 44444444-4444-4444-4444-444444444444 by TEACHER 00000000-0000-0000-0000-000000000001 with 1 module(s)[39m
[32m[Nest] 543081  - [39m06/09/2026, 4:57:13 AM [32m    LOG[39m [38;5;3m[AssignmentService] [39m[32mAssignment asgn-2 (draft) created on lesson 44444444-4444-4444-4444-444444444444 by TEACHER 00000000-0000-0000-0000-000000000001 with 1 module(s)[39m
[32m[Nest] 543081  - [39m06/09/2026, 4:57:13 AM [32m    LOG[39m [38;5;3m[AssignmentService] [39m[32mAssignment asgn-3 (draft) created on lesson 44444444-4444-4444-4444-444444444444 by TEACHER 00000000-0000-0000-0000-000000000001 with 1 module(s)[39m
[32m[Nest] 543081  - [39m06/09/2026, 4:57:13 AM [32m    LOG[39m [38;5;3m[AssignmentService] [39m[32mAssignment asgn-4 (draft) created on lesson 44444444-4444-4444-4444-444444444444 by TEACHER 00000000-0000-0000-0000-000000000001 with 1 module(s)[39m
[32m[Nest] 543081  - [39m06/09/2026, 4:57:13 AM [32m    LOG[39m [38;5;3m[CatalogService] [39m[32mGroup 33333333-3333-3333-3333-333333333333: 1 module toggle(s) applied by TEACHER 00000000-0000-0000-0000-000000000001[39m
[32m[Nest] 543081  - [39m06/09/2026, 4:57:13 AM [32m    LOG[39m [38;5;3m[CatalogService] [39m[32mGroup 33333333-3333-3333-3333-333333333333: 1 module toggle(s) applied by TEACHER 00000000-0000-0000-0000-000000000001[39m
[32m[Nest] 543081  - [39m06/09/2026, 4:57:13 AM [32m    LOG[39m [38;5;3m[CatalogService] [39m[32mGroup 33333333-3333-3333-3333-333333333333: 1 module toggle(s) applied by TEACHER 00000000-0000-0000-0000-000000000001[39m
[32m[Nest] 543081  - [39m06/09/2026, 4:57:13 AM [32m    LOG[39m [38;5;3m[CatalogService] [39m[32mGroup 33333333-3333-3333-3333-333333333333: 1 module toggle(s) applied by TEACHER 00000000-0000-0000-0000-000000000001[39m
[32m[Nest] 543050  - [39m06/09/2026, 4:57:13 AM [32m    LOG[39m [38;5;3m[SubmissionService] [39m[32mSubmission 66666666-6666-6666-6666-666666666666 → RETURNED by teacher 11111111-1111-1111-1111-111111111111[39m
[32m[Nest] 543050  - [39m06/09/2026, 4:57:13 AM [32m    LOG[39m [38;5;3m[SubmissionService] [39m[32mSubmission 66666666-6666-6666-6666-666666666666 → RETURNED by teacher 11111111-1111-1111-1111-111111111111[39m
PASS src/modules/homework/homework-toggle.property.spec.ts
PASS src/modules/homework/__tests__/submission-lifecycle.spec.ts (15.257 s)
[32m[Nest] 543050  - [39m06/09/2026, 4:57:13 AM [32m    LOG[39m [38;5;3m[SubmissionService] [39m[32mSubmission 66666666-6666-6666-6666-666666666666 → SUBMITTED (teacher=11111111-1111-1111-1111-111111111111 student=bbbbbbbb-bbbb-bbbb-bbbb-bbbbbbbbbbbb)[39m
[32m[Nest] 543081  - [39m06/09/2026, 4:57:13 AM [32m    LOG[39m [38;5;3m[AssignmentService] [39m[32mAssignment asgn-1 (draft) created on lesson 44444444-4444-4444-4444-444444444444 by TEACHER 00000000-0000-0000-0000-000000000001 with 1 module(s)[39m
[32m[Nest] 543081  - [39m06/09/2026, 4:57:13 AM [32m    LOG[39m [38;5;3m[AssignmentService] [39m[32mAssignment asgn-2 (draft) created on lesson 44444444-4444-4444-4444-444444444444 by TEACHER 00000000-0000-0000-0000-000000000001 with 1 module(s)[39m
[32m[Nest] 543081  - [39m06/09/2026, 4:57:13 AM [32m    LOG[39m [38;5;3m[AssignmentService] [39m[32mAssignment asgn-3 (draft) created on lesson 44444444-4444-4444-4444-444444444444 by TEACHER 00000000-0000-0000-0000-000000000001 with 1 module(s)[39m
[32m[Nest] 543081  - [39m06/09/2026, 4:57:13 AM [32m    LOG[39m [38;5;3m[CatalogService] [39m[32mGroup 33333333-3333-3333-3333-333333333333: 1 module toggle(s) applied by TEACHER 00000000-0000-0000-0000-000000000001[39m
[32m[Nest] 543081  - [39m06/09/2026, 4:57:13 AM [32m    LOG[39m [38;5;3m[CatalogService] [39m[32mGroup 33333333-3333-3333-3333-333333333333: 1 module toggle(s) applied by TEACHER 00000000-0000-0000-0000-000000000001[39m
[32m[Nest] 543081  - [39m06/09/2026, 4:57:13 AM [32m    LOG[39m [38;5;3m[CatalogService] [39m[32mGroup 33333333-3333-3333-3333-333333333333: 1 module toggle(s) applied by TEACHER 00000000-0000-0000-0000-000000000001[39m
[32m[Nest] 543081  - [39m06/09/2026, 4:57:13 AM [32m    LOG[39m [38;5;3m[AssignmentService] [39m[32mAssignment asgn-1 (draft) created on lesson 44444444-4444-4444-4444-444444444444 by TEACHER 00000000-0000-0000-0000-000000000001 with 1 module(s)[39m
[32m[Nest] 543081  - [39m06/09/2026, 4:57:13 AM [32m    LOG[39m [38;5;3m[AssignmentService] [39m[32mAssignment asgn-2 (draft) created on lesson 44444444-4444-4444-4444-444444444444 by TEACHER 00000000-0000-0000-0000-000000000001 with 1 module(s)[39m
[32m[Nest] 543081  - [39m06/09/2026, 4:57:13 AM [32m    LOG[39m [38;5;3m[AssignmentService] [39m[32mAssignment asgn-3 (draft) created on lesson 44444444-4444-4444-4444-444444444444 by TEACHER 00000000-0000-0000-0000-000000000001 with 1 module(s)[39m
[32m[Nest] 543081  - [39m06/09/2026, 4:57:13 AM [32m    LOG[39m [38;5;3m[AssignmentService] [39m[32mAssignment asgn-4 (draft) created on lesson 44444444-4444-4444-4444-444444444444 by TEACHER 00000000-0000-0000-0000-000000000001 with 1 module(s)[39m
[32m[Nest] 543081  - [39m06/09/2026, 4:57:13 AM [32m    LOG[39m [38;5;3m[AssignmentService] [39m[32mAssignment asgn-5 (draft) created on lesson 44444444-4444-4444-4444-444444444444 by TEACHER 00000000-0000-0000-0000-000000000001 with 1 module(s)[39m
[32m[Nest] 543081  - [39m06/09/2026, 4:57:13 AM [32m    LOG[39m [38;5;3m[CatalogService] [39m[32mGroup 33333333-3333-3333-3333-333333333333: 1 module toggle(s) applied by TEACHER 00000000-0000-0000-0000-000000000001[39m
[32m[Nest] 543081  - [39m06/09/2026, 4:57:13 AM [32m    LOG[39m [38;5;3m[CatalogService] [39m[32mGroup 33333333-3333-3333-3333-333333333333: 1 module toggle(s) applied by TEACHER 00000000-0000-0000-0000-000000000001[39m
[32m[Nest] 543081  - [39m06/09/2026, 4:57:13 AM [32m    LOG[39m [38;5;3m[CatalogService] [39m[32mGroup 33333333-3333-3333-3333-333333333333: 1 module toggle(s) applied by TEACHER 00000000-0000-0000-0000-000000000001[39m
[32m[Nest] 543081  - [39m06/09/2026, 4:57:13 AM [32m    LOG[39m [38;5;3m[CatalogService] [39m[32mGroup 33333333-3333-3333-3333-333333333333: 1 module toggle(s) applied by TEACHER 00000000-0000-0000-0000-000000000001[39m
[32m[Nest] 543081  - [39m06/09/2026, 4:57:13 AM [32m    LOG[39m [38;5;3m[CatalogService] [39m[32mGroup 33333333-3333-3333-3333-333333333333: 1 module toggle(s) applied by TEACHER 00000000-0000-0000-0000-000000000001[39m
[32m[Nest] 543081  - [39m06/09/2026, 4:57:13 AM [32m    LOG[39m [38;5;3m[AssignmentService] [39m[32mAssignment asgn-1 (draft) created on lesson 44444444-4444-4444-4444-444444444444 by TEACHER 00000000-0000-0000-0000-000000000001 with 1 module(s)[39m
[32m[Nest] 543081  - [39m06/09/2026, 4:57:13 AM [32m    LOG[39m [38;5;3m[AssignmentService] [39m[32mAssignment asgn-2 (draft) created on lesson 44444444-4444-4444-4444-444444444444 by TEACHER 00000000-0000-0000-0000-000000000001 with 1 module(s)[39m
[32m[Nest] 543081  - [39m06/09/2026, 4:57:13 AM [32m    LOG[39m [38;5;3m[AssignmentService] [39m[32mAssignment asgn-3 (draft) created on lesson 44444444-4444-4444-4444-444444444444 by TEACHER 00000000-0000-0000-0000-000000000001 with 1 module(s)[39m
[32m[Nest] 543081  - [39m06/09/2026, 4:57:13 AM [32m    LOG[39m [38;5;3m[CatalogService] [39m[32mGroup 33333333-3333-3333-3333-333333333333: 1 module toggle(s) applied by TEACHER 00000000-0000-0000-0000-000000000001[39m
[32m[Nest] 543081  - [39m06/09/2026, 4:57:13 AM [32m    LOG[39m [38;5;3m[CatalogService] [39m[32mGroup 33333333-3333-3333-3333-333333333333: 1 module toggle(s) applied by TEACHER 00000000-0000-0000-0000-000000000001[39m
[32m[Nest] 543081  - [39m06/09/2026, 4:57:13 AM [32m    LOG[39m [38;5;3m[CatalogService] [39m[32mGroup 33333333-3333-3333-3333-333333333333: 1 module toggle(s) applied by TEACHER 00000000-0000-0000-0000-000000000001[39m
[32m[Nest] 543081  - [39m06/09/2026, 4:57:13 AM [32m    LOG[39m [38;5;3m[AssignmentService] [39m[32mAssignment asgn-1 (draft) created on lesson 44444444-4444-4444-4444-444444444444 by TEACHER 00000000-0000-0000-0000-000000000001 with 1 module(s)[39m
[32m[Nest] 543081  - [39m06/09/2026, 4:57:13 AM [32m    LOG[39m [38;5;3m[AssignmentService] [39m[32mAssignment asgn-2 (draft) created on lesson 44444444-4444-4444-4444-444444444444 by TEACHER 00000000-0000-0000-0000-000000000001 with 1 module(s)[39m
[32m[Nest] 543081  - [39m06/09/2026, 4:57:13 AM [32m    LOG[39m [38;5;3m[AssignmentService] [39m[32mAssignment asgn-3 (draft) created on lesson 44444444-4444-4444-4444-444444444444 by TEACHER 00000000-0000-0000-0000-000000000001 with 1 module(s)[39m
[32m[Nest] 543081  - [39m06/09/2026, 4:57:13 AM [32m    LOG[39m [38;5;3m[AssignmentService] [39m[32mAssignment asgn-4 (draft) created on lesson 44444444-4444-4444-4444-444444444444 by TEACHER 00000000-0000-0000-0000-000000000001 with 1 module(s)[39m
[32m[Nest] 543081  - [39m06/09/2026, 4:57:13 AM [32m    LOG[39m [38;5;3m[CatalogService] [39m[32mGroup 33333333-3333-3333-3333-333333333333: 1 module toggle(s) applied by TEACHER 00000000-0000-0000-0000-000000000001[39m
[32m[Nest] 543081  - [39m06/09/2026, 4:57:13 AM [32m    LOG[39m [38;5;3m[CatalogService] [39m[32mGroup 33333333-3333-3333-3333-333333333333: 1 module toggle(s) applied by TEACHER 00000000-0000-0000-0000-000000000001[39m
[32m[Nest] 543081  - [39m06/09/2026, 4:57:13 AM [32m    LOG[39m [38;5;3m[CatalogService] [39m[32mGroup 33333333-3333-3333-3333-333333333333: 1 module toggle(s) applied by TEACHER 00000000-0000-0000-0000-000000000001[39m
[32m[Nest] 543081  - [39m06/09/2026, 4:57:13 AM [32m    LOG[39m [38;5;3m[CatalogService] [39m[32mGroup 33333333-3333-3333-3333-333333333333: 1 module toggle(s) applied by TEACHER 00000000-0000-0000-0000-000000000001[39m
[32m[Nest] 543081  - [39m06/09/2026, 4:57:13 AM [32m    LOG[39m [38;5;3m[AssignmentService] [39m[32mAssignment asgn-1 (draft) created on lesson 44444444-4444-4444-4444-444444444444 by TEACHER 00000000-0000-0000-0000-000000000001 with 1 module(s)[39m
[32m[Nest] 543081  - [39m06/09/2026, 4:57:13 AM [32m    LOG[39m [38;5;3m[AssignmentService] [39m[32mAssignment asgn-2 (draft) created on lesson 44444444-4444-4444-4444-444444444444 by TEACHER 00000000-0000-0000-0000-000000000001 with 1 module(s)[39m
[32m[Nest] 543081  - [39m06/09/2026, 4:57:13 AM [32m    LOG[39m [38;5;3m[AssignmentService] [39m[32mAssignment asgn-3 (draft) created on lesson 44444444-4444-4444-4444-444444444444 by TEACHER 00000000-0000-0000-0000-000000000001 with 1 module(s)[39m
[32m[Nest] 543081  - [39m06/09/2026, 4:57:13 AM [32m    LOG[39m [38;5;3m[AssignmentService] [39m[32mAssignment asgn-4 (draft) created on lesson 44444444-4444-4444-4444-444444444444 by TEACHER 00000000-0000-0000-0000-000000000001 with 1 module(s)[39m
[32m[Nest] 543081  - [39m06/09/2026, 4:57:13 AM [32m    LOG[39m [38;5;3m[CatalogService] [39m[32mGroup 33333333-3333-3333-3333-333333333333: 1 module toggle(s) applied by TEACHER 00000000-0000-0000-0000-000000000001[39m
[32m[Nest] 543081  - [39m06/09/2026, 4:57:13 AM [32m    LOG[39m [38;5;3m[CatalogService] [39m[32mGroup 33333333-3333-3333-3333-333333333333: 1 module toggle(s) applied by TEACHER 00000000-0000-0000-0000-000000000001[39m
[32m[Nest] 543081  - [39m06/09/2026, 4:57:13 AM [32m    LOG[39m [38;5;3m[CatalogService] [39m[32mGroup 33333333-3333-3333-3333-333333333333: 1 module toggle(s) applied by TEACHER 00000000-0000-0000-0000-000000000001[39m
[32m[Nest] 543081  - [39m06/09/2026, 4:57:13 AM [32m    LOG[39m [38;5;3m[CatalogService] [39m[32mGroup 33333333-3333-3333-3333-333333333333: 1 module toggle(s) applied by TEACHER 00000000-0000-0000-0000-000000000001[39m
[32m[Nest] 543050  - [39m06/09/2026, 4:57:13 AM [32m    LOG[39m [38;5;3m[SubmissionService] [39m[32mSubmission 66666666-6666-6666-6666-666666666666 → SUBMITTED (teacher=11111111-1111-1111-1111-111111111111 student=bbbbbbbb-bbbb-bbbb-bbbb-bbbbbbbbbbbb)[39m
[32m[Nest] 543050  - [39m06/09/2026, 4:57:13 AM [32m    LOG[39m [38;5;3m[SubmissionService] [39m[32mSubmission 66666666-6666-6666-6666-666666666666 → GRADED score=80/100 by teacher 11111111-1111-1111-1111-111111111111[39m
[32m[Nest] 543050  - [39m06/09/2026, 4:57:13 AM [32m    LOG[39m [38;5;3m[SubmissionService] [39m[32mSubmission 66666666-6666-6666-6666-666666666666 → RETURNED by teacher 11111111-1111-1111-1111-111111111111[39m
[32m[Nest] 543050  - [39m06/09/2026, 4:57:13 AM [32m    LOG[39m [38;5;3m[SubmissionService] [39m[32mSubmission 66666666-6666-6666-6666-666666666666 → SUBMITTED (teacher=11111111-1111-1111-1111-111111111111 student=bbbbbbbb-bbbb-bbbb-bbbb-bbbbbbbbbbbb)[39m
[32m[Nest] 543050  - [39m06/09/2026, 4:57:13 AM [32m    LOG[39m [38;5;3m[SubmissionService] [39m[32mSubmission 66666666-6666-6666-6666-666666666666 → GRADED score=0/100 by teacher 11111111-1111-1111-1111-111111111111[39m
[32m[Nest] 543050  - [39m06/09/2026, 4:57:13 AM [32m    LOG[39m [38;5;3m[SubmissionService] [39m[32mSubmission 66666666-6666-6666-6666-666666666666 → GRADED score=50/100 by teacher 11111111-1111-1111-1111-111111111111[39m
[32m[Nest] 543050  - [39m06/09/2026, 4:57:13 AM [32m    LOG[39m [38;5;3m[SubmissionService] [39m[32mSubmission 66666666-6666-6666-6666-666666666666 → GRADED score=100/100 by teacher 11111111-1111-1111-1111-111111111111[39m

Test Suites: 1 failed, 10 passed, 11 total
Tests:       1 failed, 227 passed, 228 total
Snapshots:   0 total
Time:        16.095 s, estimated 23 s
Ran all test suites matching /src\/modules\/homework\//i.
